Component: ARM Compiler 5.06 update 5 (build 528) Tool: armlink [4d35e2]

==============================================================================

Section Cross References

    startup_stm32f407xx.o(STACK) refers (Special) to heapauxi.o(.text) for __use_two_region_memory
    startup_stm32f407xx.o(HEAP) refers (Special) to heapauxi.o(.text) for __use_two_region_memory
    startup_stm32f407xx.o(RESET) refers (Special) to heapauxi.o(.text) for __use_two_region_memory
    startup_stm32f407xx.o(RESET) refers to startup_stm32f407xx.o(STACK) for __initial_sp
    startup_stm32f407xx.o(RESET) refers to startup_stm32f407xx.o(.text) for Reset_Handler
    startup_stm32f407xx.o(RESET) refers to stm32f4xx_it.o(i.NMI_Handler) for NMI_Handler
    startup_stm32f407xx.o(RESET) refers to stm32f4xx_it.o(i.HardFault_Handler) for HardFault_Handler
    startup_stm32f407xx.o(RESET) refers to stm32f4xx_it.o(i.MemManage_Handler) for MemManage_Handler
    startup_stm32f407xx.o(RESET) refers to stm32f4xx_it.o(i.BusFault_Handler) for BusFault_Handler
    startup_stm32f407xx.o(RESET) refers to stm32f4xx_it.o(i.UsageFault_Handler) for UsageFault_Handler
    startup_stm32f407xx.o(RESET) refers to stm32f4xx_it.o(i.SVC_Handler) for SVC_Handler
    startup_stm32f407xx.o(RESET) refers to stm32f4xx_it.o(i.DebugMon_Handler) for DebugMon_Handler
    startup_stm32f407xx.o(RESET) refers to stm32f4xx_it.o(i.PendSV_Handler) for PendSV_Handler
    startup_stm32f407xx.o(RESET) refers to stm32f4xx_it.o(i.SysTick_Handler) for SysTick_Handler
    startup_stm32f407xx.o(RESET) refers to stm32f4xx_it.o(i.EXTI0_IRQHandler) for EXTI0_IRQHandler
    startup_stm32f407xx.o(RESET) refers to stm32f4xx_it.o(i.DMA1_Stream5_IRQHandler) for DMA1_Stream5_IRQHandler
    startup_stm32f407xx.o(.text) refers (Special) to heapauxi.o(.text) for __use_two_region_memory
    startup_stm32f407xx.o(.text) refers to system_stm32f4xx.o(i.SystemInit) for SystemInit
    startup_stm32f407xx.o(.text) refers to __main.o(!!!main) for __main
    startup_stm32f407xx.o(.text) refers to startup_stm32f407xx.o(HEAP) for Heap_Mem
    startup_stm32f407xx.o(.text) refers to startup_stm32f407xx.o(STACK) for Stack_Mem
    imu_gy953.o(i.IMU_Calibration) refers to stm32f4xx_hal_gpio.o(i.HAL_GPIO_WritePin) for HAL_GPIO_WritePin
    imu_gy953.o(i.IMU_Calibration) refers to stm32f4xx_hal_spi.o(i.HAL_SPI_Transmit) for HAL_SPI_Transmit
    imu_gy953.o(i.IMU_Calibration) refers to imu_gy953.o(.data) for .data
    imu_gy953.o(i.IMU_ContinuousReadData) refers to stm32f4xx_hal_gpio.o(i.HAL_GPIO_WritePin) for HAL_GPIO_WritePin
    imu_gy953.o(i.IMU_ContinuousReadData) refers to stm32f4xx_hal_spi.o(i.HAL_SPI_Transmit) for HAL_SPI_Transmit
    imu_gy953.o(i.IMU_ContinuousReadData) refers to stm32f4xx_hal_spi.o(i.HAL_SPI_Receive) for HAL_SPI_Receive
    imu_gy953.o(i.IMU_ContinuousReadData) refers to imu_gy953.o(i.IMU_handleData) for IMU_handleData
    imu_gy953.o(i.IMU_ContinuousReadData) refers to imu_gy953.o(.data) for .data
    imu_gy953.o(i.IMU_Init_Handle) refers to imu_gy953.o(.data) for .data
    imu_gy953.o(i.IMU_Init_SET) refers to stm32f4xx_hal.o(i.HAL_Delay) for HAL_Delay
    imu_gy953.o(i.IMU_Init_SET) refers to imu_gy953.o(i.IMU_Calibration) for IMU_Calibration
    imu_gy953.o(i.IMU_Init_SET) refers to stm32f4xx_hal_gpio.o(i.HAL_GPIO_WritePin) for HAL_GPIO_WritePin
    imu_gy953.o(i.IMU_Init_SET) refers to stm32f4xx_hal_spi.o(i.HAL_SPI_Transmit) for HAL_SPI_Transmit
    imu_gy953.o(i.IMU_Init_SET) refers to imu_gy953.o(.data) for .data
    imu_gy953.o(i.IMU_handleData) refers to rt_memcpy_v6.o(.text) for __aeabi_memcpy
    imu_gy953.o(i.IMU_handleData) refers to dflt_clz.o(x$fpl$dflt) for __aeabi_i2d
    imu_gy953.o(i.IMU_handleData) refers to ddiv.o(x$fpl$ddiv) for __aeabi_ddiv
    imu_gy953.o(i.IMU_handleData) refers to d2f.o(x$fpl$d2f) for __aeabi_d2f
    main.o(i.HAL_GPIO_EXTI_Callback) refers to imu_gy953.o(i.IMU_ResetFlag) for IMU_ResetFlag
    main.o(i.HAL_GPIO_EXTI_Callback) refers to main.o(.data) for .data
    main.o(i.MX_GPIO_Init) refers to rt_memclr_w.o(.text) for __aeabi_memclr4
    main.o(i.MX_GPIO_Init) refers to stm32f4xx_hal_gpio.o(i.HAL_GPIO_WritePin) for HAL_GPIO_WritePin
    main.o(i.MX_GPIO_Init) refers to stm32f4xx_hal_gpio.o(i.HAL_GPIO_Init) for HAL_GPIO_Init
    main.o(i.MX_GPIO_Init) refers to stm32f4xx_hal_cortex.o(i.HAL_NVIC_SetPriority) for HAL_NVIC_SetPriority
    main.o(i.MX_GPIO_Init) refers to stm32f4xx_hal_cortex.o(i.HAL_NVIC_EnableIRQ) for HAL_NVIC_EnableIRQ
    main.o(i.MX_SPI3_Init) refers to stm32f4xx_hal_spi.o(i.HAL_SPI_Init) for HAL_SPI_Init
    main.o(i.MX_SPI3_Init) refers to main.o(.bss) for .bss
    main.o(i.SystemClock_Config) refers to rt_memclr_w.o(.text) for __aeabi_memclr4
    main.o(i.SystemClock_Config) refers to stm32f4xx_hal_rcc.o(i.HAL_RCC_OscConfig) for HAL_RCC_OscConfig
    main.o(i.SystemClock_Config) refers to stm32f4xx_hal_rcc.o(i.HAL_RCC_ClockConfig) for HAL_RCC_ClockConfig
[...]
    .text                                    0x08001814   Section      128  strcmpv7m.o(.text)
    .text                                    0x08001894   Section        0  sys_wrch.o(.text)
    CL$$btod_d2e                             0x080018a2   Section       62  btod.o(CL$$btod_d2e)
    CL$$btod_d2e_denorm_low                  0x080018e0   Section       70  btod.o(CL$$btod_d2e_denorm_low)
    CL$$btod_d2e_norm_op1                    0x08001926   Section       96  btod.o(CL$$btod_d2e_norm_op1)
    CL$$btod_div_common                      0x08001986   Section      824  btod.o(CL$$btod_div_common)
    CL$$btod_e2e                             0x08001cbe   Section      220  btod.o(CL$$btod_e2e)
    CL$$btod_ediv                            0x08001d9a   Section       42  btod.o(CL$$btod_ediv)
    CL$$btod_emul                            0x08001dc4   Section       42  btod.o(CL$$btod_emul)
    CL$$btod_mult_common                     0x08001dee   Section      580  btod.o(CL$$btod_mult_common)
    i.BusFault_Handler                       0x08002032   Section        0  stm32f4xx_it.o(i.BusFault_Handler)
    i.DMA1_Stream5_IRQHandler                0x08002034   Section        0  stm32f4xx_it.o(i.DMA1_Stream5_IRQHandler)
    i.DMA_CalcBaseAndBitshift                0x08002040   Section        0  stm32f4xx_hal_dma.o(i.DMA_CalcBaseAndBitshift)
    DMA_CalcBaseAndBitshift                  0x08002041   Thumb Code    34  stm32f4xx_hal_dma.o(i.DMA_CalcBaseAndBitshift)
    i.DMA_CheckFifoParam                     0x08002068   Section        0  stm32f4xx_hal_dma.o(i.DMA_CheckFifoParam)
    DMA_CheckFifoParam                       0x08002069   Thumb Code    84  stm32f4xx_hal_dma.o(i.DMA_CheckFifoParam)
    i.DebugMon_Handler                       0x080020bc   Section        0  stm32f4xx_it.o(i.DebugMon_Handler)
    i.EXTI0_IRQHandler                       0x080020be   Section        0  stm32f4xx_it.o(i.EXTI0_IRQHandler)
    i.Error_Handler                          0x080020c4   Section        0  main.o(i.Error_Handler)
    i.HAL_DMA_IRQHandler                     0x080020c8   Section        0  stm32f4xx_hal_dma.o(i.HAL_DMA_IRQHandler)
    i.HAL_DMA_Init                           0x08002268   Section        0  stm32f4xx_hal_dma.o(i.HAL_DMA_Init)
    i.HAL_Delay                              0x0800233c   Section        0  stm32f4xx_hal.o(i.HAL_Delay)
    i.HAL_GPIO_EXTI_Callback                 0x08002360   Section        0  main.o(i.HAL_GPIO_EXTI_Callback)
    i.HAL_GPIO_EXTI_IRQHandler               0x0800236c   Section        0  stm32f4xx_hal_gpio.o(i.HAL_GPIO_EXTI_IRQHandler)
    i.HAL_GPIO_Init                          0x08002384   Section        0  stm32f4xx_hal_gpio.o(i.HAL_GPIO_Init)
    i.HAL_GPIO_WritePin                      0x08002574   Section        0  stm32f4xx_hal_gpio.o(i.HAL_GPIO_WritePin)
    i.HAL_GetTick                            0x08002580   Section        0  stm32f4xx_hal.o(i.HAL_GetTick)
    i.HAL_IncTick                            0x0800258c   Section        0  stm32f4xx_hal.o(i.HAL_IncTick)
    i.HAL_Init                               0x0800259c   Section        0  stm32f4xx_hal.o(i.HAL_Init)
    i.HAL_InitTick                           0x080025d0   Section        0  stm32f4xx_hal.o(i.HAL_InitTick)
    i.HAL_MspInit                            0x08002610   Section        0  stm32f4xx_hal_msp.o(i.HAL_MspInit)
    i.HAL_NVIC_EnableIRQ                     0x08002640   Section        0  stm32f4xx_hal_cortex.o(i.HAL_NVIC_EnableIRQ)
    i.HAL_NVIC_SetPriority                   0x0800265c   Section        0  stm32f4xx_hal_cortex.o(i.HAL_NVIC_SetPriority)
    i.HAL_NVIC_SetPriorityGrouping           0x0800269c   Section        0  stm32f4xx_hal_cortex.o(i.HAL_NVIC_SetPriorityGrouping)
    i.HAL_RCC_ClockConfig                    0x080026c0   Section        0  stm32f4xx_hal_rcc.o(i.HAL_RCC_ClockConfig)
    i.HAL_RCC_GetPCLK1Freq                   0x080027f4   Section        0  stm32f4xx_hal_rcc.o(i.HAL_RCC_GetPCLK1Freq)
    i.HAL_RCC_GetPCLK2Freq                   0x08002814   Section        0  stm32f4xx_hal_rcc.o(i.HAL_RCC_GetPCLK2Freq)
    i.HAL_RCC_GetSysClockFreq                0x08002834   Section        0  stm32f4xx_hal_rcc.o(i.HAL_RCC_GetSysClockFreq)
    i.HAL_RCC_OscConfig                      0x08002894   Section        0  stm32f4xx_hal_rcc.o(i.HAL_RCC_OscConfig)
    i.HAL_SPI_Init                           0x08002c00   Section        0  stm32f4xx_hal_spi.o(i.HAL_SPI_Init)
    i.HAL_SPI_MspInit                        0x08002cbc   Section        0  stm32f4xx_hal_msp.o(i.HAL_SPI_MspInit)
    i.HAL_SPI_Receive                        0x08002d28   Section        0  stm32f4xx_hal_spi.o(i.HAL_SPI_Receive)
    i.HAL_SPI_Transmit                       0x08002e82   Section        0  stm32f4xx_hal_spi.o(i.HAL_SPI_Transmit)
    i.HAL_SPI_TransmitReceive                0x08002fe8   Section        0  stm32f4xx_hal_spi.o(i.HAL_SPI_TransmitReceive)
    i.HAL_SYSTICK_Config                     0x080031ca   Section        0  stm32f4xx_hal_cortex.o(i.HAL_SYSTICK_Config)
    i.HAL_UART_Init                          0x080031f2   Section        0  stm32f4xx_hal_uart.o(i.HAL_UART_Init)
    i.HAL_UART_MspInit                       0x08003254   Section        0  stm32f4xx_hal_msp.o(i.HAL_UART_MspInit)
    i.HAL_UART_Transmit                      0x08003338   Section        0  stm32f4xx_hal_uart.o(i.HAL_UART_Transmit)
    i.HardFault_Handler                      0x080033ea   Section        0  stm32f4xx_it.o(i.HardFault_Handler)
    i.IMU_Calibration                        0x080033ec   Section        0  imu_gy953.o(i.IMU_Calibration)
    i.IMU_ContinuousReadData                 0x08003438   Section        0  imu_gy953.o(i.IMU_ContinuousReadData)
    i.IMU_Init_Handle                        0x08003488   Section        0  imu_gy953.o(i.IMU_Init_Handle)
    i.IMU_Init_SET                           0x08003494   Section        0  imu_gy953.o(i.IMU_Init_SET)
    i.IMU_ResetFlag                          0x08003514   Section        0  imu_gy953.o(i.IMU_ResetFlag)
    i.IMU_handleData                         0x08003520   Section        0  imu_gy953.o(i.IMU_handleData)
    i.MX_GPIO_Init                           0x08003684   Section        0  main.o(i.MX_GPIO_Init)
    MX_GPIO_Init                             0x08003685   Thumb Code   204  main.o(i.MX_GPIO_Init)
    i.MX_SPI3_Init                           0x0800375c   Section        0  main.o(i.MX_SPI3_Init)
    MX_SPI3_Init                             0x0800375d   Thumb Code    60  main.o(i.MX_SPI3_Init)
    i.MemManage_Handler                      0x080037a0   Section        0  stm32f4xx_it.o(i.MemManage_Handler)
    i.NMI_Handler                            0x080037a2   Section        0  stm32f4xx_it.o(i.NMI_Handler)
    i.PendSV_Handler                         0x080037a4   Section        0  stm32f4xx_it.o(i.PendSV_Handler)
    i.SPI_EndRxTransaction                   0x080037a6   Section        0  stm32f4xx_hal_spi.o(i.SPI_EndRxTransaction)
    SPI_EndRxTransaction                     0x080037a7   Thumb Code    92  stm32f4xx_hal_spi.o(i.SPI_EndRxTransaction)
    i.SPI_EndRxTxTransaction                 0x08003804   Section        0  stm32f4xx_hal_spi.o(i.SPI_EndRxTxTransaction)
    SPI_EndRxTxTransaction                   0x08003805   Thumb Code    80  stm32f4xx_hal_spi.o(i.SPI_EndRxTxTransaction)
    i.SPI_WaitFlagStateUntilTimeout          0x0800385c   Section        0  stm32f4xx_hal_spi.o(i.SPI_WaitFlagStateUntilTimeout)
    SPI_WaitFlagStateUntilTimeout            0x0800385d   Thumb Code   180  stm32f4xx_hal_spi.o(i.SPI_WaitFlagStateUntilTimeout)
    i.SVC_Handler                            0x08003914   Section        0  stm32f4xx_it.o(i.SVC_Handler)
    i.SysTick_Handler                        0x08003916   Section        0  stm32f4xx_it.o(i.SysTick_Handler)
    i.SystemClock_Config                     0x0800391c   Section        0  main.o(i.SystemClock_Config)
    i.SystemInit                             0x080039b0   Section        0  system_stm32f4xx.o(i.SystemInit)
    i.UART_SetConfig                         0x080039c0   Section        0  stm32f4xx_hal_uart.o(i.UART_SetConfig)
    UART_SetConfig                           0x080039c1   Thumb Code   258  stm32f4xx_hal_uart.o(i.UART_SetConfig)
    i.UART_WaitOnFlagUntilTimeout            0x08003acc   Section        0  stm32f4xx_hal_uart.o(i.UART_WaitOnFlagUntilTimeout)
    UART_WaitOnFlagUntilTimeout              0x08003acd   Thumb Code   120  stm32f4xx_hal_uart.o(i.UART_WaitOnFlagUntilTimeout)
    i.UsageFault_Handler                     0x08003b44   Section        0  stm32f4xx_it.o(i.UsageFault_Handler)
    i.__ARM_fpclassify                       0x08003b46   Section        0  fpclassify.o(i.__ARM_fpclassify)
    i.__NVIC_SetPriority                     0x08003b76   Section        0  stm32f4xx_hal_cortex.o(i.__NVIC_SetPriority)
    __NVIC_SetPriority                       0x08003b77   Thumb Code    32  stm32f4xx_hal_cortex.o(i.__NVIC_SetPriority)
    i._is_digit                              0x08003b96   Section        0  __printf_wp.o(i._is_digit)
    i.main                                   0x08003ba4   Section        0  main.o(i.main)
    i.printData                              0x08003ca8   Section        0  main.o(i.printData)
    locale$$code                             0x08003ce0   Section       44  lc_numeric_c.o(locale$$code)
    locale$$code                             0x08003d0c   Section       44  lc_ctype_c.o(locale$$code)
    x$fpl$d2f                                0x08003d38   Section       98  d2f.o(x$fpl$d2f)
    $v0                                      0x08003d38   Number         0  d2f.o(x$fpl$d2f)
    x$fpl$ddiv                               0x08003d9c   Section      688  ddiv.o(x$fpl$ddiv)
    $v0                                      0x08003d9c   Number         0  ddiv.o(x$fpl$ddiv)
    ddiv_entry                               0x08003da3   Thumb Code     0  ddiv.o(x$fpl$ddiv)
    x$fpl$dflt                               0x0800404c   Section       46  dflt_clz.o(x$fpl$dflt)
    $v0                                      0x0800404c   Number         0  dflt_clz.o(x$fpl$dflt)
    x$fpl$dnaninf                            0x0800407a   Section      156  dnaninf.o(x$fpl$dnaninf)
    $v0                                      0x0800407a   Number         0  dnaninf.o(x$fpl$dnaninf)
    x$fpl$dretinf                            0x08004116   Section       12  dretinf.o(x$fpl$dretinf)
    $v0                                      0x08004116   Number         0  dretinf.o(x$fpl$dretinf)
    x$fpl$f2d                                0x08004124   Section       86  f2d.o(x$fpl$f2d)
    $v0                                      0x08004124   Number         0  f2d.o(x$fpl$f2d)
    x$fpl$fnaninf                            0x0800417a   Section      140  fnaninf.o(x$fpl$fnaninf)
    $v0                                      0x0800417a   Number         0  fnaninf.o(x$fpl$fnaninf)
    x$fpl$fpinit                             0x08004206   Section       10  fpinit.o(x$fpl$fpinit)
    $v0                                      0x08004206   Number         0  fpinit.o(x$fpl$fpinit)
    x$fpl$fretinf                            0x08004210   Section       10  fretinf.o(x$fpl$fretinf)
    $v0                                      0x08004210   Number         0  fretinf.o(x$fpl$fretinf)
    x$fpl$printf1                            0x0800421a   Section        4  printf1.o(x$fpl$printf1)
    $v0                                      0x0800421a   Number         0  printf1.o(x$fpl$printf1)
    x$fpl$printf2                            0x0800421e   Section        4  printf2.o(x$fpl$printf2)
    $v0                                      0x0800421e   Number         0  printf2.o(x$fpl$printf2)
    .constdata                               0x08004222   Section        8  stm32f4xx_hal_dma.o(.constdata)
    x$fpl$usenofp                            0x08004222   Section        0  usenofp.o(x$fpl$usenofp)
    flagBitshiftOffset                       0x08004222   Data           8  stm32f4xx_hal_dma.o(.constdata)
    .constdata                               0x0800422a   Section       16  system_stm32f4xx.o(.constdata)
    .constdata                               0x0800423a   Section        8  system_stm32f4xx.o(.constdata)
    .constdata                               0x08004244   Section        8  _printf_wctomb.o(.constdata)
    initial_mbstate                          0x08004244   Data           8  _printf_wctomb.o(.constdata)
    .constdata                               0x0800424c   Section       40  _printf_hex_int_ll_ptr.o(.constdata)
    uc_hextab                                0x0800424c   Data          20  _printf_hex_int_ll_ptr.o(.constdata)
    lc_hextab                                0x08004260   Data          20  _printf_hex_int_ll_ptr.o(.constdata)
    .constdata                               0x08004274   Section       17  __printf_flags_ss_wp.o(.constdata)
    maptable                                 0x08004274   Data          17  __printf_flags_ss_wp.o(.constdata)
    .constdata                               0x08004285   Section       38  _printf_fp_hex.o(.constdata)
    lc_hextab                                0x08004285   Data          19  _printf_fp_hex.o(.constdata)
    uc_hextab                                0x08004298   Data          19  _printf_fp_hex.o(.constdata)
    .constdata                               0x080042ac   Section      148  bigflt0.o(.constdata)
    tenpwrs_x                                0x080042ac   Data          60  bigflt0.o(.constdata)
    tenpwrs_i                                0x080042e8   Data          64  bigflt0.o(.constdata)
    locale$$data                             0x08004360   Section       28  lc_numeric_c.o(locale$$data)
    __lcnum_c_name                           0x08004364   Data           2  lc_numeric_c.o(locale$$data)
    __lcnum_c_start                          0x0800436c   Data           0  lc_numeric_c.o(locale$$data)
    __lcnum_c_point                          0x08004378   Data           0  lc_numeric_c.o(locale$$data)
    __lcnum_c_thousands                      0x0800437a   Data           0  lc_numeric_c.o(locale$$data)
    __lcnum_c_grouping                       0x0800437b   Data           0  lc_numeric_c.o(locale$$data)
    locale$$data                             0x0800437c   Section      272  lc_ctype_c.o(locale$$data)
    __lcnum_c_end                            0x0800437c   Data           0  lc_numeric_c.o(locale$$data)
    __lcctype_c_name                         0x08004380   Data           2  lc_ctype_c.o(locale$$data)
    __lcctype_c_start                        0x08004388   Data           0  lc_ctype_c.o(locale$$data)
    __lcctype_c_end                          0x0800448c   Data           0  lc_ctype_c.o(locale$$data)
    .data                                    0x20000000   Section        4  imu_gy953.o(.data)
    .data                                    0x20000004   Section      140  main.o(.data)
    .data                                    0x20000090   Section       12  stm32f4xx_hal.o(.data)
    .data                                    0x2000009c   Section        4  system_stm32f4xx.o(.data)
    .bss                                     0x200000a0   Section      224  main.o(.bss)
    .bss                                     0x20000180   Section       96  main.o(.bss)
    .bss                                     0x200001e0   Section       96  libspace.o(.bss)
    HEAP                                     0x20000240   Section      512  startup_stm32f407xx.o(HEAP)
    Heap_Mem                                 0x20000240   Data         512  startup_stm32f407xx.o(HEAP)
    STACK                                    0x20000440   Section     1024  startup_stm32f407xx.o(STACK)
    Stack_Mem                                0x20000440   Data        1024  startup_stm32f407xx.o(STACK)
    __initial_sp                             0x20000840   Data           0  startup_stm32f407xx.o(STACK)

    Global Symbols

    Symbol Name                              Value     Ov Type        Size  Object(Section)

    BuildAttributes$$THM_ISAv4$E$P$D$K$B$S$7EM$VFPi3$EXTD16$VFPS$VFMA$PE$A:L22UL41UL21$X:L11$S22US41US21$IEEE1$IW$USESV6$~STKCKD$USESV7$~SHL$OTIME$ROPI$IEEEJ$EBA8$UX$STANDARDLIB$REQ8$PRES8$EABIv2 0x00000000   Number         0  anon$$obj.o ABSOLUTE
    __ARM_use_no_argv                        0x00000000   Number         0  main.o ABSOLUTE
    _printf_flags                            0x00000000   Number         0  printf_stubs.o ABSOLUTE
    _printf_return_value                     0x00000000   Number         0  printf_stubs.o ABSOLUTE
    _printf_sizespec                         0x00000000   Number         0  printf_stubs.o ABSOLUTE
    _printf_widthprec                        0x00000000   Number         0  printf_stubs.o ABSOLUTE
    __ARM_exceptions_init                     - Undefined Weak Reference
    __alloca_initialize                       - Undefined Weak Reference
    __arm_preinit_                            - Undefined Weak Reference
    __cpp_initialize__aeabi_                  - Undefined Weak Reference
    __cxa_finalize                            - Undefined Weak Reference
    __sigvec_lookup                           - Undefined Weak Reference
    __user_heap_extent                        - Undefined Weak Reference
    _atexit_init                              - Undefined Weak Reference
    _call_atexit_fns                          - Undefined Weak Reference
    _clock_init                               - Undefined Weak Reference
    _fp_trap_init                             - Undefined Weak Reference
    _fp_trap_shutdown                         - Undefined Weak Reference
    _get_lc_collate                           - Undefined Weak Reference
    _get_lc_monetary                          - Undefined Weak Reference
    _get_lc_time                              - Undefined Weak Reference
    _getenv_init                              - Undefined Weak Reference
    _handle_redirection                       - Undefined Weak Reference
    _initio                                   - Undefined Weak Reference
    _mutex_acquire                            - Undefined Weak Reference
    _mutex_free                               - Undefined Weak Reference
    _mutex_release                            - Undefined Weak Reference
    _printf_mbtowc                            - Undefined Weak Reference
    _printf_wc                                - Undefined Weak Reference
    _rand_init                                - Undefined Weak Reference
    _signal_finish                            - Undefined Weak Reference
    _signal_init                              - Undefined Weak Reference
    _terminateio                              - Undefined Weak Reference
    __Vectors_Size                           0x00000188   Number         0  startup_stm32f407xx.o ABSOLUTE
    __Vectors                                0x08000000   Data           4  startup_stm32f407xx.o(RESET)
    __Vectors_End                            0x08000188   Data           0  startup_stm32f407xx.o(RESET)
    __main                                   0x08000189   Thumb Code     8  __main.o(!!!main)
    __scatterload                            0x08000191   Thumb Code     0  __scatter.o(!!!scatter)
    __scatterload_rt2                        0x08000191   Thumb Code    44  __scatter.o(!!!scatter)
    __scatterload_rt2_thumb_only             0x08000191   Thumb Code     0  __scatter.o(!!!scatter)
    __scatterload_null                       0x0800019f   Thumb Code     0  __scatter.o(!!!scatter)
    __scatterload_copy                       0x080001c5   Thumb Code    26  __scatter_copy.o(!!handler_copy)
    __scatterload_zeroinit                   0x080001e1   Thumb Code    28  __scatter_zi.o(!!handler_zi)
    _printf_n                                0x080001fd   Thumb Code     0  _printf_n.o(.ARM.Collect$$_printf_percent$$00000001)
    _printf_percent                          0x080001fd   Thumb Code     0  _printf_percent.o(.ARM.Collect$$_printf_percent$$00000000)
    _printf_p                                0x08000203   Thumb Code     0  _printf_p.o(.ARM.Collect$$_printf_percent$$00000002)
    _printf_f                                0x08000209   Thumb Code     0  _printf_f.o(.ARM.Collect$$_printf_percent$$00000003)
    _printf_e                                0x0800020f   Thumb Code     0  _printf_e.o(.ARM.Collect$$_printf_percent$$00000004)
    _printf_g                                0x08000215   Thumb Code     0  _printf_g.o(.ARM.Collect$$_printf_percent$$00000005)
    _printf_a                                0x0800021b   Thumb Code     0  _printf_a.o(.ARM.Collect$$_printf_percent$$00000006)
    _printf_ll                               0x08000221   Thumb Code     0  _printf_ll.o(.ARM.Collect$$_printf_percent$$00000007)
    _printf_i                                0x0800022b   Thumb Code     0  _printf_i.o(.ARM.Collect$$_printf_percent$$00000008)
    _printf_d                                0x08000231   Thumb Code     0  _printf_d.o(.ARM.Collect$$_printf_percent$$00000009)
    _printf_u                                0x08000237   Thumb Code     0  _printf_u.o(.ARM.Collect$$_printf_percent$$0000000A)
    _printf_o                                0x0800023d   Thumb Code     0  _printf_o.o(.ARM.Collect$$_printf_percent$$0000000B)
    _printf_x                                0x08000243   Thumb Code     0  _printf_x.o(.ARM.Collect$$_printf_percent$$0000000C)
    _printf_lli                              0x08000249   Thumb Code     0  _printf_lli.o(.ARM.Collect$$_printf_percent$$0000000D)
    _printf_lld                              0x0800024f   Thumb Code     0  _printf_lld.o(.ARM.Collect$$_printf_percent$$0000000E)
    _printf_llu                              0x08000255   Thumb Code     0  _printf_llu.o(.ARM.Collect$$_printf_percent$$0000000F)
    _printf_llo                              0x0800025b   Thumb Code     0  _printf_llo.o(.ARM.Collect$$_printf_percent$$00000010)
    _printf_llx                              0x08000261   Thumb Code     0  _printf_llx.o(.ARM.Collect$$_printf_percent$$00000011)
    _printf_l                                0x08000267   Thumb Code     0  _printf_l.o(.ARM.Collect$$_printf_percent$$00000012)
    _printf_c                                0x08000271   Thumb Code     0  _printf_c.o(.ARM.Collect$$_printf_percent$$00000013)
    _printf_s                                0x08000277   Thumb Code     0  _printf_s.o(.ARM.Collect$$_printf_percent$$00000014)
    _printf_lc                               0x0800027d   Thumb Code     0  _printf_lc.o(.ARM.Collect$$_printf_percent$$00000015)
    _printf_ls                               0x08000283   Thumb Code     0  _printf_ls.o(.ARM.Collect$$_printf_percent$$00000016)
    _printf_percent_end                      0x08000289   Thumb Code     0  _printf_percent_end.o(.ARM.Collect$$_printf_percent$$00000017)
    __rt_lib_init                            0x0800028d   Thumb Code     0  libinit.o(.ARM.Collect$$libinit$$00000000)
    __rt_lib_init_fp_1                       0x0800028f   Thumb Code     0  libinit2.o(.ARM.Collect$$libinit$$00000001)
    __rt_lib_init_heap_2                     0x08000293   Thumb Code     0  libinit2.o(.ARM.Collect$$libinit$$00000005)
    __rt_lib_init_preinit_1                  0x08000293   Thumb Code     0  libinit2.o(.ARM.Collect$$libinit$$00000004)
    __rt_lib_init_heap_1                     0x0800029b   Thumb Code     0  libinit2.o(.ARM.Collect$$libinit$$0000000A)
    __rt_lib_init_lc_common                  0x0800029b   Thumb Code     0  libinit2.o(.ARM.Collect$$libinit$$0000000F)
    __rt_lib_init_rand_1                     0x0800029b   Thumb Code     0  libinit2.o(.ARM.Collect$$libinit$$0000000E)
    __rt_lib_init_user_alloc_1               0x0800029b   Thumb Code     0  libinit2.o(.ARM.Collect$$libinit$$0000000C)
    __rt_lib_init_lc_collate_1               0x080002a1   Thumb Code     0  libinit2.o(.ARM.Collect$$libinit$$00000011)
    __rt_lib_init_lc_ctype_2                 0x080002a1   Thumb Code     0  libinit2.o(.ARM.Collect$$libinit$$00000012)
    __rt_lib_init_lc_ctype_1                 0x080002ad   Thumb Code     0  libinit2.o(.ARM.Collect$$libinit$$00000013)
    __rt_lib_init_lc_monetary_1              0x080002ad   Thumb Code     0  libinit2.o(.ARM.Collect$$libinit$$00000015)
    __rt_lib_init_lc_numeric_2               0x080002ad   Thumb Code     0  libinit2.o(.ARM.Collect$$libinit$$00000016)
    __rt_lib_init_alloca_1                   0x080002b7   Thumb Code     0  libinit2.o(.ARM.Collect$$libinit$$0000002E)
    __rt_lib_init_argv_1                     0x080002b7   Thumb Code     0  libinit2.o(.ARM.Collect$$libinit$$0000002C)
    __rt_lib_init_atexit_1                   0x080002b7   Thumb Code     0  libinit2.o(.ARM.Collect$$libinit$$0000001B)
    __rt_lib_init_clock_1                    0x080002b7   Thumb Code     0  libinit2.o(.ARM.Collect$$libinit$$00000021)
    __rt_lib_init_cpp_1                      0x080002b7   Thumb Code     0  libinit2.o(.ARM.Collect$$libinit$$00000032)
    __rt_lib_init_exceptions_1               0x080002b7   Thumb Code     0  libinit2.o(.ARM.Collect$$libinit$$00000030)
    __rt_lib_init_fp_trap_1                  0x080002b7   Thumb Code     0  libinit2.o(.ARM.Collect$$libinit$$0000001F)
    __rt_lib_init_getenv_1                   0x080002b7   Thumb Code     0  libinit2.o(.ARM.Collect$$libinit$$00000023)
    __rt_lib_init_lc_numeric_1               0x080002b7   Thumb Code     0  libinit2.o(.ARM.Collect$$libinit$$00000017)
    __rt_lib_init_lc_time_1                  0x080002b7   Thumb Code     0  libinit2.o(.ARM.Collect$$libinit$$00000019)
    __rt_lib_init_return                     0x080002b7   Thumb Code     0  libinit2.o(.ARM.Collect$$libinit$$00000033)
    __rt_lib_init_signal_1                   0x080002b7   Thumb Code     0  libinit2.o(.ARM.Collect$$libinit$$0000001D)
    __rt_lib_init_stdio_1                    0x080002b7   Thumb Code     0  libinit2.o(.ARM.Collect$$libinit$$00000025)
    __rt_lib_shutdown                        0x080002b9   Thumb Code     0  libshutdown.o(.ARM.Collect$$libshutdown$$00000000)
    __rt_lib_shutdown_cpp_1                  0x080002bb   Thumb Code     0  libshutdown2.o(.ARM.Collect$$libshutdown$$00000002)
    __rt_lib_shutdown_fp_trap_1              0x080002bb   Thumb Code     0  libshutdown2.o(.ARM.Collect$$libshutdown$$00000007)
    __rt_lib_shutdown_heap_1                 0x080002bb   Thumb Code     0  libshutdown2.o(.ARM.Collect$$libshutdown$$0000000F)
    __rt_lib_shutdown_return                 0x080002bb   Thumb Code     0  libshutdown2.o(.ARM.Collect$$libshutdown$$00000010)
    __rt_lib_shutdown_signal_1               0x080002bb   Thumb Code     0  libshutdown2.o(.ARM.Collect$$libshutdown$$0000000A)
    __rt_lib_shutdown_stdio_1                0x080002bb   Thumb Code     0  libshutdown2.o(.ARM.Collect$$libshutdown$$00000004)
    __rt_lib_shutdown_user_alloc_1           0x080002bb   Thumb Code     0  libshutdown2.o(.ARM.Collect$$libshutdown$$0000000C)
    __rt_entry                               0x080002bd   Thumb Code     0  __rtentry.o(.ARM.Collect$$rtentry$$00000000)
    __rt_entry_presh_1                       0x080002bd   Thumb Code     0  __rtentry2.o(.ARM.Collect$$rtentry$$00000002)
    __rt_entry_sh                            0x080002bd   Thumb Code     0  __rtentry4.o(.ARM.Collect$$rtentry$$00000004)
    __rt_entry_li                            0x080002c3   Thumb Code     0  __rtentry2.o(.ARM.Collect$$rtentry$$0000000A)
    __rt_entry_postsh_1                      0x080002c3   Thumb Code     0  __rtentry2.o(.ARM.Collect$$rtentry$$00000009)
    __rt_entry_main                          0x080002c7   Thumb Code     0  __rtentry2.o(.ARM.Collect$$rtentry$$0000000D)
    __rt_entry_postli_1                      0x080002c7   Thumb Code     0  __rtentry2.o(.ARM.Collect$$rtentry$$0000000C)
    __rt_exit                                0x080002cf   Thumb Code     0  rtexit.o(.ARM.Collect$$rtexit$$00000000)
    __rt_exit_ls                             0x080002d1   Thumb Code     0  rtexit2.o(.ARM.Collect$$rtexit$$00000003)
    __rt_exit_prels_1                        0x080002d1   Thumb Code     0  rtexit2.o(.ARM.Collect$$rtexit$$00000002)
    __rt_exit_exit                           0x080002d5   Thumb Code     0  rtexit2.o(.ARM.Collect$$rtexit$$00000004)
    Reset_Handler                            0x080002dd   Thumb Code     8  startup_stm32f407xx.o(.text)
    _maybe_terminate_alloc                   0x080002dd   Thumb Code     0  maybetermalloc1.o(.emb_text)
    ADC_IRQHandler                           0x080002f7   Thumb Code     0  startup_stm32f407xx.o(.text)
    CAN1_RX0_IRQHandler                      0x080002f7   Thumb Code     0  startup_stm32f407xx.o(.text)
    CAN1_RX1_IRQHandler                      0x080002f7   Thumb Code     0  startup_stm32f407xx.o(.text)
    CAN1_SCE_IRQHandler                      0x080002f7   Thumb Code     0  startup_stm32f407xx.o(.text)
    CAN1_TX_IRQHandler                       0x080002f7   Thumb Code     0  startup_stm32f407xx.o(.text)
    CAN2_RX0_IRQHandler                      0x080002f7   Thumb Code     0  startup_stm32f407xx.o(.text)
    CAN2_RX1_IRQHandler                      0x080002f7   Thumb Code     0  startup_stm32f407xx.o(.text)
    CAN2_SCE_IRQHandler                      0x080002f7   Thumb Code     0  startup_stm32f407xx.o(.text)
    CAN2_TX_IRQHandler                       0x080002f7   Thumb Code     0  startup_stm32f407xx.o(.text)
    DCMI_IRQHandler                          0x080002f7   Thumb Code     0  startup_stm32f407xx.o(.text)
    DMA1_Stream0_IRQHandler                  0x080002f7   Thumb Code     0  startup_stm32f407xx.o(.text)
    DMA1_Stream1_IRQHandler                  0x080002f7   Thumb Code     0  startup_stm32f407xx.o(.text)
    DMA1_Stream2_IRQHandler                  0x080002f7   Thumb Code     0  startup_stm32f407xx.o(.text)
    DMA1_Stream3_IRQHandler                  0x080002f7   Thumb Code     0  startup_stm32f407xx.o(.text)
    DMA1_Stream4_IRQHandler                  0x080002f7   Thumb Code     0  startup_stm32f407xx.o(.text)
    DMA1_Stream6_IRQHandler                  0x080002f7   Thumb Code     0  startup_stm32f407xx.o(.text)
    DMA1_Stream7_IRQHandler                  0x080002f7   Thumb Code     0  startup_stm32f407xx.o(.text)
    DMA2_Stream0_IRQHandler                  0x080002f7   Thumb Code     0  startup_stm32f407xx.o(.text)
    DMA2_Stream1_IRQHandler                  0x080002f7   Thumb Code     0  startup_stm32f407xx.o(.text)
    DMA2_Stream2_IRQHandler                  0x080002f7   Thumb Code     0  startup_stm32f407xx.o(.text)
    DMA2_Stream3_IRQHandler                  0x080002f7   Thumb Code     0  startup_stm32f407xx.o(.text)
    DMA2_Stream4_IRQHandler                  0x080002f7   Thumb Code     0  startup_stm32f407xx.o(.text)
    DMA2_Stream5_IRQHandler                  0x080002f7   Thumb Code     0  startup_stm32f407xx.o(.text)
    DMA2_Stream6_IRQHandler                  0x080002f7   Thumb Code     0  startup_stm32f407xx.o(.text)
    DMA2_Stream7_IRQHandler                  0x080002f7   Thumb Code     0  startup_stm32f407xx.o(.text)
    ETH_IRQHandler                           0x080002f7   Thumb Code     0  startup_stm32f407xx.o(.text)
    ETH_WKUP_IRQHandler                      0x080002f7   Thumb Code     0  startup_stm32f407xx.o(.text)
    EXTI15_10_IRQHandler                     0x080002f7   Thumb Code     0  startup_stm32f407xx.o(.text)
    EXTI1_IRQHandler                         0x080002f7   Thumb Code     0  startup_stm32f407xx.o(.text)
    EXTI2_IRQHandler                         0x080002f7   Thumb Code     0  startup_stm32f407xx.o(.text)
    EXTI3_IRQHandler                         0x080002f7   Thumb Code     0  startup_stm32f407xx.o(.text)
    EXTI4_IRQHandler                         0x080002f7   Thumb Code     0  startup_stm32f407xx.o(.text)
    EXTI9_5_IRQHandler                       0x080002f7   Thumb Code     0  startup_stm32f407xx.o(.text)
    FLASH_IRQHandler                         0x080002f7   Thumb Code     0  startup_stm32f407xx.o(.text)
    FMC_IRQHandler                           0x080002f7   Thumb Code     0  startup_stm32f407xx.o(.text)
    FPU_IRQHandler                           0x080002f7   Thumb Code     0  startup_stm32f407xx.o(.text)
    HASH_RNG_IRQHandler                      0x080002f7   Thumb Code     0  startup_stm32f407xx.o(.text)
    I2C1_ER_IRQHandler                       0x080002f7   Thumb Code     0  startup_stm32f407xx.o(.text)
    I2C1_EV_IRQHandler                       0x080002f7   Thumb Code     0  startup_stm32f407xx.o(.text)
    I2C2_ER_IRQHandler                       0x080002f7   Thumb Code     0  startup_stm32f407xx.o(.text)
    I2C2_EV_IRQHandler                       0x080002f7   Thumb Code     0  startup_stm32f407xx.o(.text)
    I2C3_ER_IRQHandler                       0x080002f7   Thumb Code     0  startup_stm32f407xx.o(.text)
    I2C3_EV_IRQHandler                       0x080002f7   Thumb Code     0  startup_stm32f407xx.o(.text)
    OTG_FS_IRQHandler                        0x080002f7   Thumb Code     0  startup_stm32f407xx.o(.text)
    OTG_FS_WKUP_IRQHandler                   0x080002f7   Thumb Code     0  startup_stm32f407xx.o(.text)
    OTG_HS_EP1_IN_IRQHandler                 0x080002f7   Thumb Code     0  startup_stm32f407xx.o(.text)
    OTG_HS_EP1_OUT_IRQHandler                0x080002f7   Thumb Code     0  startup_stm32f407xx.o(.text)
    OTG_HS_IRQHandler                        0x080002f7   Thumb Code     0  startup_stm32f407xx.o(.text)
    OTG_HS_WKUP_IRQHandler                   0x080002f7   Thumb Code     0  startup_stm32f407xx.o(.text)
    PVD_IRQHandler                           0x080002f7   Thumb Code     0  startup_stm32f407xx.o(.text)
    RCC_IRQHandler                           0x080002f7   Thumb Code     0  startup_stm32f407xx.o(.text)
    RTC_Alarm_IRQHandler                     0x080002f7   Thumb Code     0  startup_stm32f407xx.o(.text)
    RTC_WKUP_IRQHandler                      0x080002f7   Thumb Code     0  startup_stm32f407xx.o(.text)
    SDIO_IRQHandler                          0x080002f7   Thumb Code     0  startup_stm32f407xx.o(.text)
    SPI1_IRQHandler                          0x080002f7   Thumb Code     0  startup_stm32f407xx.o(.text)
    SPI2_IRQHandler                          0x080002f7   Thumb Code     0  startup_stm32f407xx.o(.text)
    SPI3_IRQHandler                          0x080002f7   Thumb Code     0  startup_stm32f407xx.o(.text)
    TAMP_STAMP_IRQHandler                    0x080002f7   Thumb Code     0  startup_stm32f407xx.o(.text)
    TIM1_BRK_TIM9_IRQHandler                 0x080002f7   Thumb Code     0  startup_stm32f407xx.o(.text)
    TIM1_CC_IRQHandler                       0x080002f7   Thumb Code     0  startup_stm32f407xx.o(.text)
    TIM1_TRG_COM_TIM11_IRQHandler            0x080002f7   Thumb Code     0  startup_stm32f407xx.o(.text)
    TIM1_UP_TIM10_IRQHandler                 0x080002f7   Thumb Code     0  startup_stm32f407xx.o(.text)
    TIM2_IRQHandler                          0x080002f7   Thumb Code     0  startup_stm32f407xx.o(.text)
    TIM3_IRQHandler                          0x080002f7   Thumb Code     0  startup_stm32f407xx.o(.text)
    TIM4_IRQHandler                          0x080002f7   Thumb Code     0  startup_stm32f407xx.o(.text)
    TIM5_IRQHandler                          0x080002f7   Thumb Code     0  startup_stm32f407xx.o(.text)
    TIM6_DAC_IRQHandler                      0x080002f7   Thumb Code     0  startup_stm32f407xx.o(.text)
    TIM7_IRQHandler                          0x080002f7   Thumb Code     0  startup_stm32f407xx.o(.text)
    TIM8_BRK_TIM12_IRQHandler                0x080002f7   Thumb Code     0  startup_stm32f407xx.o(.text)
    TIM8_CC_IRQHandler                       0x080002f7   Thumb Code     0  startup_stm32f407xx.o(.text)
    TIM8_TRG_COM_TIM14_IRQHandler            0x080002f7   Thumb Code     0  startup_stm32f407xx.o(.text)
    TIM8_UP_TIM13_IRQHandler                 0x080002f7   Thumb Code     0  startup_stm32f407xx.o(.text)
    UART4_IRQHandler                         0x080002f7   Thumb Code     0  startup_stm32f407xx.o(.text)
    UART5_IRQHandler                         0x080002f7   Thumb Code     0  startup_stm32f407xx.o(.text)
    USART1_IRQHandler                        0x080002f7   Thumb Code     0  startup_stm32f407xx.o(.text)
    USART2_IRQHandler                        0x080002f7   Thumb Code     0  startup_stm32f407xx.o(.text)
    USART3_IRQHandler                        0x080002f7   Thumb Code     0  startup_stm32f407xx.o(.text)
    USART6_IRQHandler                        0x080002f7   Thumb Code     0  startup_stm32f407xx.o(.text)
    WWDG_IRQHandler                          0x080002f7   Thumb Code     0  startup_stm32f407xx.o(.text)
    __user_initial_stackheap                 0x080002f9   Thumb Code     0  startup_stm32f407xx.o(.text)
    malloc                                   0x0800031d   Thumb Code    94  h1_alloc.o(.text)
    free                                     0x0800037b   Thumb Code    78  h1_free.o(.text)
    __aeabi_uldivmod                         0x080003c9   Thumb Code     0  lludivv7m.o(.text)
    _ll_udiv                                 0x080003c9   Thumb Code   238  lludivv7m.o(.text)
    vsprintf                                 0x080004b9   Thumb Code    32  vsprintf.o(.text)
    strlen                                   0x080004dd   Thumb Code    62  strlen.o(.text)
    __aeabi_memcpy                           0x0800051b   Thumb Code     0  rt_memcpy_v6.o(.text)
    __rt_memcpy                              0x0800051b   Thumb Code   138  rt_memcpy_v6.o(.text)
    _memcpy_lastbytes                        0x08000581   Thumb Code     0  rt_memcpy_v6.o(.text)
    __aeabi_memclr4                          0x080005a5   Thumb Code     0  rt_memclr_w.o(.text)
    __aeabi_memclr8                          0x080005a5   Thumb Code     0  rt_memclr_w.o(.text)
    __rt_memclr_w                            0x080005a5   Thumb Code    78  rt_memclr_w.o(.text)
    _memset_w                                0x080005a9   Thumb Code     0  rt_memclr_w.o(.text)
    __use_two_region_memory                  0x080005f3   Thumb Code     2  heapauxi.o(.text)
    __rt_heap_escrow                         0x080005f5   Thumb Code     2  heapauxi.o(.text)
    __rt_heap_expand                         0x080005f7   Thumb Code     2  heapauxi.o(.text)
    __rt_heap_descriptor                     0x080005f9   Thumb Code     8  rt_heap_descriptor_intlibspace.o(.text)
    __use_no_heap                            0x08000601   Thumb Code     2  hguard.o(.text)
    __heap$guard                             0x08000603   Thumb Code     2  hguard.o(.text)
    _terminate_user_alloc                    0x08000605   Thumb Code     2  init_alloc.o(.text)
    _init_user_alloc                         0x08000607   Thumb Code     2  init_alloc.o(.text)
    __Heap_Full                              0x08000609   Thumb Code    34  init_alloc.o(.text)
    __Heap_Broken                            0x0800062b   Thumb Code     6  init_alloc.o(.text)
    _init_alloc                              0x08000631   Thumb Code    94  init_alloc.o(.text)
    __Heap_Initialize                        0x0800068f   Thumb Code    10  h1_init.o(.text)
    __Heap_DescSize                          0x08000699   Thumb Code     4  h1_init.o(.text)
    _printf_pre_padding                      0x0800069d   Thumb Code    44  _printf_pad.o(.text)
    _printf_post_padding                     0x080006c9   Thumb Code    34  _printf_pad.o(.text)
    _printf_truncate_signed                  0x080006eb   Thumb Code    18  _printf_truncate.o(.text)
    _printf_truncate_unsigned                0x080006fd   Thumb Code    18  _printf_truncate.o(.text)
    _printf_str                              0x0800070f   Thumb Code    82  _printf_str.o(.text)
    _printf_int_dec                          0x08000761   Thumb Code   104  _printf_dec.o(.text)
    _printf_charcount                        0x080007d9   Thumb Code    40  _printf_charcount.o(.text)
    _printf_char_common                      0x0800080b   Thumb Code    32  _printf_char_common.o(.text)
    _sputc                                   0x08000831   Thumb Code    10  _sputc.o(.text)
    _printf_wctomb                           0x0800083d   Thumb Code   182  _printf_wctomb.o(.text)
    _printf_longlong_dec                     0x080008f9   Thumb Code   108  _printf_longlong_dec.o(.text)
    _printf_longlong_oct                     0x08000975   Thumb Code    66  _printf_oct_int_ll.o(.text)
    _printf_int_oct                          0x080009b7   Thumb Code    24  _printf_oct_int_ll.o(.text)
    _printf_ll_oct                           0x080009cf   Thumb Code    12  _printf_oct_int_ll.o(.text)
    _printf_longlong_hex                     0x080009e5   Thumb Code    86  _printf_hex_int_ll_ptr.o(.text)
    _printf_int_hex                          0x08000a3b   Thumb Code    28  _printf_hex_int_ll_ptr.o(.text)
    _printf_ll_hex                           0x08000a57   Thumb Code    12  _printf_hex_int_ll_ptr.o(.text)
    _printf_hex_ptr                          0x08000a63   Thumb Code    18  _printf_hex_int_ll_ptr.o(.text)
    __printf                                 0x08000a79   Thumb Code   388  __printf_flags_ss_wp.o(.text)
    __aeabi_memcpy4                          0x08000c01   Thumb Code     0  rt_memcpy_w.o(.text)
    __aeabi_memcpy8                          0x08000c01   Thumb Code     0  rt_memcpy_w.o(.text)
    __rt_memcpy_w                            0x08000c01   Thumb Code   100  rt_memcpy_w.o(.text)
    _memcpy_lastbytes_aligned                0x08000c49   Thumb Code     0  rt_memcpy_w.o(.text)
    __user_libspace                          0x08000c65   Thumb Code     8  libspace.o(.text)
    __user_perproc_libspace                  0x08000c65   Thumb Code     0  libspace.o(.text)
    __user_perthread_libspace                0x08000c65   Thumb Code     0  libspace.o(.text)
    __Heap_ProvideMemory                     0x08000c6d   Thumb Code    52  h1_extend.o(.text)
    _ll_udiv10                               0x08000ca1   Thumb Code   138  lludiv10.o(.text)
    _printf_int_common                       0x08000d2b   Thumb Code   178  _printf_intcommon.o(.text)
    __lib_sel_fp_printf                      0x08000ddd   Thumb Code     2  _printf_fp_dec.o(.text)
    _printf_fp_dec_real                      0x08000f8f   Thumb Code   620  _printf_fp_dec.o(.text)
    _printf_fp_hex_real                      0x080011fd   Thumb Code   756  _printf_fp_hex.o(.text)
    _printf_cs_common                        0x080014f9   Thumb Code    20  _printf_char.o(.text)
    _printf_char                             0x0800150d   Thumb Code    16  _printf_char.o(.text)
    _printf_string                           0x0800151d   Thumb Code     8  _printf_char.o(.text)
    _printf_lcs_common                       0x08001525   Thumb Code    20  _printf_wchar.o(.text)
    _printf_wchar                            0x08001539   Thumb Code    16  _printf_wchar.o(.text)
    _printf_wstring                          0x08001549   Thumb Code     8  _printf_wchar.o(.text)
    _wcrtomb                                 0x08001551   Thumb Code    64  _wcrtomb.o(.text)
    __rt_SIGRTMEM                            0x08001591   Thumb Code    14  defsig_rtmem_outer.o(.text)
    __I$use$semihosting                      0x0800159f   Thumb Code     0  use_no_semi.o(.text)
    __use_no_semihosting_swi                 0x0800159f   Thumb Code     2  use_no_semi.o(.text)
    __semihosting_library_function           0x080015a1   Thumb Code     0  indicate_semi.o(.text)
    __user_setup_stackheap                   0x080015a1   Thumb Code    74  sys_stackheap_outer.o(.text)
    __rt_ctype_table                         0x080015ed   Thumb Code    16  rt_ctype_table.o(.text)
    __rt_locale                              0x080015fd   Thumb Code     8  rt_locale_intlibspace.o(.text)
    _printf_fp_infnan                        0x08001605   Thumb Code   112  _printf_fp_infnan.o(.text)
    _btod_etento                             0x08001685   Thumb Code   224  bigflt0.o(.text)
    exit                                     0x08001769   Thumb Code    18  exit.o(.text)
    __sig_exit                               0x0800177b   Thumb Code    10  defsig_exit.o(.text)
    __rt_SIGRTMEM_inner                      0x08001785   Thumb Code    22  defsig_rtmem_inner.o(.text)
    _sys_exit                                0x080017d5   Thumb Code     8  sys_exit.o(.text)
    __default_signal_display                 0x080017e1   Thumb Code    50  defsig_general.o(.text)
    strcmp                                   0x08001815   Thumb Code   128  strcmpv7m.o(.text)
    _ttywrch                                 0x08001895   Thumb Code    14  sys_wrch.o(.text)
    _btod_d2e                                0x080018a3   Thumb Code    62  btod.o(CL$$btod_d2e)
    _d2e_denorm_low                          0x080018e1   Thumb Code    70  btod.o(CL$$btod_d2e_denorm_low)
    _d2e_norm_op1                            0x08001927   Thumb Code    96  btod.o(CL$$btod_d2e_norm_op1)
    __btod_div_common                        0x08001987   Thumb Code   696  btod.o(CL$$btod_div_common)
    _e2e                                     0x08001cbf   Thumb Code   220  btod.o(CL$$btod_e2e)
    _btod_ediv                               0x08001d9b   Thumb Code    42  btod.o(CL$$btod_ediv)
    _btod_emul                               0x08001dc5   Thumb Code    42  btod.o(CL$$btod_emul)
    __btod_mult_common                       0x08001def   Thumb Code   580  btod.o(CL$$btod_mult_common)
    BusFault_Handler                         0x08002033   Thumb Code     2  stm32f4xx_it.o(i.BusFault_Handler)
    DMA1_Stream5_IRQHandler                  0x08002035   Thumb Code     6  stm32f4xx_it.o(i.DMA1_Stream5_IRQHandler)
    DebugMon_Handler                         0x080020bd   Thumb Code     2  stm32f4xx_it.o(i.DebugMon_Handler)
    EXTI0_IRQHandler                         0x080020bf   Thumb Code     6  stm32f4xx_it.o(i.EXTI0_IRQHandler)
    Error_Handler                            0x080020c5   Thumb Code     4  main.o(i.Error_Handler)
    HAL_DMA_IRQHandler                       0x080020c9   Thumb Code   412  stm32f4xx_hal_dma.o(i.HAL_DMA_IRQHandler)
    HAL_DMA_Init                             0x08002269   Thumb Code   206  stm32f4xx_hal_dma.o(i.HAL_DMA_Init)
    HAL_Delay                                0x0800233d   Thumb Code    32  stm32f4xx_hal.o(i.HAL_Delay)
    HAL_GPIO_EXTI_Callback                   0x08002361   Thumb Code     6  main.o(i.HAL_GPIO_EXTI_Callback)
    HAL_GPIO_EXTI_IRQHandler                 0x0800236d   Thumb Code    18  stm32f4xx_hal_gpio.o(i.HAL_GPIO_EXTI_IRQHandler)
    HAL_GPIO_Init                            0x08002385   Thumb Code   450  stm32f4xx_hal_gpio.o(i.HAL_GPIO_Init)
    HAL_GPIO_WritePin                        0x08002575   Thumb Code    10  stm32f4xx_hal_gpio.o(i.HAL_GPIO_WritePin)
    HAL_GetTick                              0x08002581   Thumb Code     6  stm32f4xx_hal.o(i.HAL_GetTick)
    HAL_IncTick                              0x0800258d   Thumb Code    12  stm32f4xx_hal.o(i.HAL_IncTick)
    HAL_Init                                 0x0800259d   Thumb Code    48  stm32f4xx_hal.o(i.HAL_Init)
    HAL_InitTick                             0x080025d1   Thumb Code    54  stm32f4xx_hal.o(i.HAL_InitTick)
    HAL_MspInit                              0x08002611   Thumb Code    42  stm32f4xx_hal_msp.o(i.HAL_MspInit)
    HAL_NVIC_EnableIRQ                       0x08002641   Thumb Code    26  stm32f4xx_hal_cortex.o(i.HAL_NVIC_EnableIRQ)
    HAL_NVIC_SetPriority                     0x0800265d   Thumb Code    60  stm32f4xx_hal_cortex.o(i.HAL_NVIC_SetPriority)
    HAL_NVIC_SetPriorityGrouping             0x0800269d   Thumb Code    26  stm32f4xx_hal_cortex.o(i.HAL_NVIC_SetPriorityGrouping)
    HAL_RCC_ClockConfig                      0x080026c1   Thumb Code   288  stm32f4xx_hal_rcc.o(i.HAL_RCC_ClockConfig)
    HAL_RCC_GetPCLK1Freq                     0x080027f5   Thumb Code    20  stm32f4xx_hal_rcc.o(i.HAL_RCC_GetPCLK1Freq)
    HAL_RCC_GetPCLK2Freq                     0x08002815   Thumb Code    20  stm32f4xx_hal_rcc.o(i.HAL_RCC_GetPCLK2Freq)
    HAL_RCC_GetSysClockFreq                  0x08002835   Thumb Code    88  stm32f4xx_hal_rcc.o(i.HAL_RCC_GetSysClockFreq)
    HAL_RCC_OscConfig                        0x08002895   Thumb Code   856  stm32f4xx_hal_rcc.o(i.HAL_RCC_OscConfig)
    HAL_SPI_Init                             0x08002c01   Thumb Code   188  stm32f4xx_hal_spi.o(i.HAL_SPI_Init)
    HAL_SPI_MspInit                          0x08002cbd   Thumb Code    94  stm32f4xx_hal_msp.o(i.HAL_SPI_MspInit)
    HAL_SPI_Receive                          0x08002d29   Thumb Code   346  stm32f4xx_hal_spi.o(i.HAL_SPI_Receive)
    HAL_SPI_Transmit                         0x08002e83   Thumb Code   358  stm32f4xx_hal_spi.o(i.HAL_SPI_Transmit)
    HAL_SPI_TransmitReceive                  0x08002fe9   Thumb Code   482  stm32f4xx_hal_spi.o(i.HAL_SPI_TransmitReceive)
    HAL_SYSTICK_Config                       0x080031cb   Thumb Code    40  stm32f4xx_hal_cortex.o(i.HAL_SYSTICK_Config)
    HAL_UART_Init                            0x080031f3   Thumb Code    98  stm32f4xx_hal_uart.o(i.HAL_UART_Init)
    HAL_UART_MspInit                         0x08003255   Thumb Code   198  stm32f4xx_hal_msp.o(i.HAL_UART_MspInit)
    HAL_UART_Transmit                        0x08003339   Thumb Code   178  stm32f4xx_hal_uart.o(i.HAL_UART_Transmit)
    HardFault_Handler                        0x080033eb   Thumb Code     2  stm32f4xx_it.o(i.HardFault_Handler)
    IMU_Calibration                          0x080033ed   Thumb Code    70  imu_gy953.o(i.IMU_Calibration)
    IMU_ContinuousReadData                   0x08003439   Thumb Code    76  imu_gy953.o(i.IMU_ContinuousReadData)
    IMU_Init_Handle                          0x08003489   Thumb Code     6  imu_gy953.o(i.IMU_Init_Handle)
    IMU_Init_SET                             0x08003495   Thumb Code   124  imu_gy953.o(i.IMU_Init_SET)
    IMU_ResetFlag                            0x08003515   Thumb Code    12  imu_gy953.o(i.IMU_ResetFlag)
    IMU_handleData                           0x08003521   Thumb Code   332  imu_gy953.o(i.IMU_handleData)
    MemManage_Handler                        0x080037a1   Thumb Code     2  stm32f4xx_it.o(i.MemManage_Handler)
    NMI_Handler                              0x080037a3   Thumb Code     2  stm32f4xx_it.o(i.NMI_Handler)
    PendSV_Handler                           0x080037a5   Thumb Code     2  stm32f4xx_it.o(i.PendSV_Handler)
    SVC_Handler                              0x08003915   Thumb Code     2  stm32f4xx_it.o(i.SVC_Handler)
    SysTick_Handler                          0x08003917   Thumb Code     4  stm32f4xx_it.o(i.SysTick_Handler)
    SystemClock_Config                       0x0800391d   Thumb Code   140  main.o(i.SystemClock_Config)
    SystemInit                               0x080039b1   Thumb Code    12  system_stm32f4xx.o(i.SystemInit)
    UsageFault_Handler                       0x08003b45   Thumb Code     2  stm32f4xx_it.o(i.UsageFault_Handler)
    __ARM_fpclassify                         0x08003b47   Thumb Code    48  fpclassify.o(i.__ARM_fpclassify)
    _is_digit                                0x08003b97   Thumb Code    14  __printf_wp.o(i._is_digit)
    main                                     0x08003ba5   Thumb Code   218  main.o(i.main)
    printData                                0x08003ca9   Thumb Code    50  main.o(i.printData)
    _get_lc_numeric                          0x08003ce1   Thumb Code    44  lc_numeric_c.o(locale$$code)
    _get_lc_ctype                            0x08003d0d   Thumb Code    44  lc_ctype_c.o(locale$$code)
    __aeabi_d2f                              0x08003d39   Thumb Code     0  d2f.o(x$fpl$d2f)
    _d2f                                     0x08003d39   Thumb Code    98  d2f.o(x$fpl$d2f)
    __aeabi_ddiv                             0x08003d9d   Thumb Code     0  ddiv.o(x$fpl$ddiv)
    _ddiv                                    0x08003d9d   Thumb Code   552  ddiv.o(x$fpl$ddiv)
    __aeabi_i2d                              0x0800404d   Thumb Code     0  dflt_clz.o(x$fpl$dflt)
    _dflt                                    0x0800404d   Thumb Code    46  dflt_clz.o(x$fpl$dflt)
    __fpl_dnaninf                            0x0800407b   Thumb Code   156  dnaninf.o(x$fpl$dnaninf)
    __fpl_dretinf                            0x08004117   Thumb Code    12  dretinf.o(x$fpl$dretinf)
    __aeabi_f2d                              0x08004125   Thumb Code     0  f2d.o(x$fpl$f2d)
    _f2d                                     0x08004125   Thumb Code    86  f2d.o(x$fpl$f2d)
    __fpl_fnaninf                            0x0800417b   Thumb Code   140  fnaninf.o(x$fpl$fnaninf)
    _fp_init                                 0x08004207   Thumb Code    10  fpinit.o(x$fpl$fpinit)
    __fplib_config_fpu_vfp                   0x0800420f   Thumb Code     0  fpinit.o(x$fpl$fpinit)
    __fplib_config_pureend_doubles           0x0800420f   Thumb Code     0  fpinit.o(x$fpl$fpinit)
    __fpl_fretinf                            0x08004211   Thumb Code    10  fretinf.o(x$fpl$fretinf)
    _printf_fp_dec                           0x0800421b   Thumb Code     4  printf1.o(x$fpl$printf1)
    _printf_fp_hex                           0x0800421f   Thumb Code     4  printf2.o(x$fpl$printf2)
    __I$use$fp                               0x08004222   Number         0  usenofp.o(x$fpl$usenofp)
    AHBPrescTable                            0x0800422a   Data          16  system_stm32f4xx.o(.constdata)
    APBPrescTable                            0x0800423a   Data           8  system_stm32f4xx.o(.constdata)
    Region$$Table$$Base                      0x08004340   Number         0  anon$$obj.o(Region$$Table)
    Region$$Table$$Limit                     0x08004360   Number         0  anon$$obj.o(Region$$Table)
    __ctype                                  0x08004389   Data           0  lc_ctype_c.o(locale$$data)
    IMU_hSPI                                 0x20000000   Data           4  imu_gy953.o(.data)
    IMU1                                     0x20000004   Data         140  main.o(.data)
    uwTickFreq                               0x20000090   Data           1  stm32f4xx_hal.o(.data)
    uwTickPrio                               0x20000094   Data           4  stm32f4xx_hal.o(.data)
    uwTick                                   0x20000098   Data           4  stm32f4xx_hal.o(.data)
    SystemCoreClock                          0x2000009c   Data           4  system_stm32f4xx.o(.data)
    hspi3                                    0x200000a0   Data          88  main.o(.bss)
    huart2                                   0x200000f8   Data          68  main.o(.bss)
    huart3                                   0x2000013c   Data          68  main.o(.bss)
    hdma_usart2_rx                           0x20000180   Data          96  main.o(.bss)
    __libspace_start                         0x200001e0   Data          96  libspace.o(.bss)
    __temporary_stack_top$libspace           0x20000240   Data           0  libspace.o(.bss)



==============================================================================

Memory Map of the image

  Image Entry point : 0x08000189

  Load Region LR_IROM1 (Base: 0x08000000, Size: 0x0000452c, Max: 0x00100000, ABSOLUTE)

    Execution Region ER_IROM1 (Exec base: 0x08000000, Load base: 0x08000000, Size: 0x0000448c, Max: 0x00100000, ABSOLUTE)

    Exec Addr    Load Addr    Size         Type   Attr      Idx    E Section Name        Object

    0x08000000   0x08000000   0x00000188   Data   RO            3    RESET               startup_stm32f407xx.o
    0x08000188   0x08000188   0x00000008   Code   RO         2342  * !!!main             c_w.l(__main.o)
    0x08000190   0x08000190   0x00000034   Code   RO         2741    !!!scatter          c_w.l(__scatter.o)
    0x080001c4   0x080001c4   0x0000001a   Code   RO         2743    !!handler_copy      c_w.l(__scatter_copy.o)
    0x080001de   0x080001de   0x00000002   PAD
    0x080001e0   0x080001e0   0x0000001c   Code   RO         2745    !!handler_zi        c_w.l(__scatter_zi.o)
    0x080001fc   0x080001fc   0x00000000   Code   RO         2471    .ARM.Collect$$_printf_percent$$00000000  c_w.l(_printf_percent.o)
    0x080001fc   0x080001fc   0x00000006   Code   RO         2460    .ARM.Collect$$_printf_percent$$00000001  c_w.l(_printf_n.o)
    0x08000202   0x08000202   0x00000006   Code   RO         2462    .ARM.Collect$$_printf_percent$$00000002  c_w.l(_printf_p.o)
    0x08000208   0x08000208   0x00000006   Code   RO         2467    .ARM.Collect$$_printf_percent$$00000003  c_w.l(_printf_f.o)
    0x0800020e   0x0800020e   0x00000006   Code   RO         2468    .ARM.Collect$$_printf_percent$$00000004  c_w.l(_printf_e.o)
    0x08000214   0x08000214   0x00000006   Code   RO         2469    .ARM.Collect$$_printf_percent$$00000005  c_w.l(_printf_g.o)
    0x0800021a   0x0800021a   0x00000006   Code   RO         2470    .ARM.Collect$$_printf_percent$$00000006  c_w.l(_printf_a.o)
    0x08000220   0x08000220   0x0000000a   Code   RO         2475    .ARM.Collect$$_printf_percent$$00000007  c_w.l(_printf_ll.o)
    0x0800022a   0x0800022a   0x00000006   Code   RO         2464    .ARM.Collect$$_printf_percent$$00000008  c_w.l(_printf_i.o)
    0x08000230   0x08000230   0x00000006   Code   RO         2465    .ARM.Collect$$_printf_percent$$00000009  c_w.l(_printf_d.o)
    0x08000236   0x08000236   0x00000006   Code   RO         2466    .ARM.Collect$$_printf_percent$$0000000A  c_w.l(_printf_u.o)
    0x0800023c   0x0800023c   0x00000006   Code   RO         2463    .ARM.Collect$$_printf_percent$$0000000B  c_w.l(_printf_o.o)
    0x08000242   0x08000242   0x00000006   Code   RO         2461    .ARM.Collect$$_printf_percent$$0000000C  c_w.l(_printf_x.o)
    0x08000248   0x08000248   0x00000006   Code   RO         2472    .ARM.Collect$$_printf_percent$$0000000D  c_w.l(_printf_lli.o)
    0x0800024e   0x0800024e   0x00000006   Code   RO         2473    .ARM.Collect$$_printf_percent$$0000000E  c_w.l(_printf_lld.o)
    0x08000254   0x08000254   0x00000006   Code   RO         2474    .ARM.Collect$$_printf_percent$$0000000F  c_w.l(_printf_llu.o)
    0x0800025a   0x0800025a   0x00000006   Code   RO         2479    .ARM.Collect$$_printf_percent$$00000010  c_w.l(_printf_llo.o)
    0x08000260   0x08000260   0x00000006   Code   RO         2480    .ARM.Collect$$_printf_percent$$00000011  c_w.l(_printf_llx.o)
    0x08000266   0x08000266   0x0000000a   Code   RO         2476    .ARM.Collect$$_printf_percent$$00000012  c_w.l(_printf_l.o)
    0x08000270   0x08000270   0x00000006   Code   RO         2458    .ARM.Collect$$_printf_percent$$00000013  c_w.l(_printf_c.o)
    0x08000276   0x08000276   0x00000006   Code   RO         2459    .ARM.Collect$$_printf_percent$$00000014  c_w.l(_printf_s.o)
    0x0800027c   0x0800027c   0x00000006   Code   RO         2477    .ARM.Collect$$_printf_percent$$00000015  c_w.l(_printf_lc.o)
    0x08000282   0x08000282   0x00000006   Code   RO         2478    .ARM.Collect$$_printf_percent$$00000016  c_w.l(_printf_ls.o)
    0x08000288   0x08000288   0x00000004   Code   RO         2592    .ARM.Collect$$_printf_percent$$00000017  c_w.l(_printf_percent_end.o)
    0x0800028c   0x0800028c   0x00000002   Code   RO         2671    .ARM.Collect$$libinit$$00000000  c_w.l(libinit.o)
    0x0800028e   0x0800028e   0x00000004   Code   RO         2485    .ARM.Collect$$libinit$$00000001  c_w.l(libinit2.o)
    0x08000292   0x08000292   0x00000000   Code   RO         2488    .ARM.Collect$$libinit$$00000004  c_w.l(libinit2.o)
    0x08000292   0x08000292   0x00000008   Code   RO         2489    .ARM.Collect$$libinit$$00000005  c_w.l(libinit2.o)
    0x0800029a   0x0800029a   0x00000000   Code   RO         2491    .ARM.Collect$$libinit$$0000000A  c_w.l(libinit2.o)
    0x0800029a   0x0800029a   0x00000000   Code   RO         2493    .ARM.Collect$$libinit$$0000000C  c_w.l(libinit2.o)
    0x0800029a   0x0800029a   0x00000000   Code   RO         2495    .ARM.Collect$$libinit$$0000000E  c_w.l(libinit2.o)
    0x0800029a   0x0800029a   0x00000006   Code   RO         2496    .ARM.Collect$$libinit$$0000000F  c_w.l(libinit2.o)
    0x080002a0   0x080002a0   0x00000000   Code   RO         2498    .ARM.Collect$$libinit$$00000011  c_w.l(libinit2.o)
    0x080002a0   0x080002a0   0x0000000c   Code   RO         2499    .ARM.Collect$$libinit$$00000012  c_w.l(libinit2.o)
    0x080002ac   0x080002ac   0x00000000   Code   RO         2500    .ARM.Collect$$libinit$$00000013  c_w.l(libinit2.o)
    0x080002ac   0x080002ac   0x00000000   Code   RO         2502    .ARM.Collect$$libinit$$00000015  c_w.l(libinit2.o)
    0x080002ac   0x080002ac   0x0000000a   Code   RO         2503    .ARM.Collect$$libinit$$00000016  c_w.l(libinit2.o)
    0x080002b6   0x080002b6   0x00000000   Code   RO         2504    .ARM.Collect$$libinit$$00000017  c_w.l(libinit2.o)
    0x080002b6   0x080002b6   0x00000000   Code   RO         2506    .ARM.Collect$$libinit$$00000019  c_w.l(libinit2.o)
    0x080002b6   0x080002b6   0x00000000   Code   RO         2508    .ARM.Collect$$libinit$$0000001B  c_w.l(libinit2.o)
    0x080002b6   0x080002b6   0x00000000   Code   RO         2510    .ARM.Collect$$libinit$$0000001D  c_w.l(libinit2.o)
    0x080002b6   0x080002b6   0x00000000   Code   RO         2512    .ARM.Collect$$libinit$$0000001F  c_w.l(libinit2.o)
    0x080002b6   0x080002b6   0x00000000   Code   RO         2514    .ARM.Collect$$libinit$$00000021  c_w.l(libinit2.o)
    0x080002b6   0x080002b6   0x00000000   Code   RO         2516    .ARM.Collect$$libinit$$00000023  c_w.l(libinit2.o)
    0x080002b6   0x080002b6   0x00000000   Code   RO         2518    .ARM.Collect$$libinit$$00000025  c_w.l(libinit2.o)
    0x080002b6   0x080002b6   0x00000000   Code   RO         2522    .ARM.Collect$$libinit$$0000002C  c_w.l(libinit2.o)
    0x080002b6   0x080002b6   0x00000000   Code   RO         2524    .ARM.Collect$$libinit$$0000002E  c_w.l(libinit2.o)
    0x080002b6   0x080002b6   0x00000000   Code   RO         2526    .ARM.Collect$$libinit$$00000030  c_w.l(libinit2.o)
    0x080002b6   0x080002b6   0x00000000   Code   RO         2528    .ARM.Collect$$libinit$$00000032  c_w.l(libinit2.o)
    0x080002b6   0x080002b6   0x00000002   Code   RO         2529    .ARM.Collect$$libinit$$00000033  c_w.l(libinit2.o)
    0x080002b8   0x080002b8   0x00000002   Code   RO         2738    .ARM.Collect$$libshutdown$$00000000  c_w.l(libshutdown.o)
    0x080002ba   0x080002ba   0x00000000   Code   RO         2696    .ARM.Collect$$libshutdown$$00000002  c_w.l(libshutdown2.o)
    0x080002ba   0x080002ba   0x00000000   Code   RO         2698    .ARM.Collect$$libshutdown$$00000004  c_w.l(libshutdown2.o)
    0x080002ba   0x080002ba   0x00000000   Code   RO         2701    .ARM.Collect$$libshutdown$$00000007  c_w.l(libshutdown2.o)
    0x080002ba   0x080002ba   0x00000000   Code   RO         2704    .ARM.Collect$$libshutdown$$0000000A  c_w.l(libshutdown2.o)
    0x080002ba   0x080002ba   0x00000000   Code   RO         2706    .ARM.Collect$$libshutdown$$0000000C  c_w.l(libshutdown2.o)
    0x080002ba   0x080002ba   0x00000000   Code   RO         2709    .ARM.Collect$$libshutdown$$0000000F  c_w.l(libshutdown2.o)
    0x080002ba   0x080002ba   0x00000002   Code   RO         2710    .ARM.Collect$$libshutdown$$00000010  c_w.l(libshutdown2.o)
    0x080002bc   0x080002bc   0x00000000   Code   RO         2360    .ARM.Collect$$rtentry$$00000000  c_w.l(__rtentry.o)
    0x080002bc   0x080002bc   0x00000000   Code   RO         2553    .ARM.Collect$$rtentry$$00000002  c_w.l(__rtentry2.o)
    0x080002bc   0x080002bc   0x00000006   Code   RO         2565    .ARM.Collect$$rtentry$$00000004  c_w.l(__rtentry4.o)
    0x080002c2   0x080002c2   0x00000000   Code   RO         2555    .ARM.Collect$$rtentry$$00000009  c_w.l(__rtentry2.o)
    0x080002c2   0x080002c2   0x00000004   Code   RO         2556    .ARM.Collect$$rtentry$$0000000A  c_w.l(__rtentry2.o)
    0x080002c6   0x080002c6   0x00000000   Code   RO         2558    .ARM.Collect$$rtentry$$0000000C  c_w.l(__rtentry2.o)
    0x080002c6   0x080002c6   0x00000008   Code   RO         2559    .ARM.Collect$$rtentry$$0000000D  c_w.l(__rtentry2.o)
    0x080002ce   0x080002ce   0x00000002   Code   RO         2678    .ARM.Collect$$rtexit$$00000000  c_w.l(rtexit.o)
    0x080002d0   0x080002d0   0x00000000   Code   RO         2714    .ARM.Collect$$rtexit$$00000002  c_w.l(rtexit2.o)
    0x080002d0   0x080002d0   0x00000004   Code   RO         2715    .ARM.Collect$$rtexit$$00000003  c_w.l(rtexit2.o)
    0x080002d4   0x080002d4   0x00000006   Code   RO         2716    .ARM.Collect$$rtexit$$00000004  c_w.l(rtexit2.o)
    0x080002da   0x080002da   0x00000002   PAD
    0x080002dc   0x080002dc   0x00000000   Code   RO         2571    .emb_text           c_w.l(maybetermalloc1.o)
    0x080002dc   0x080002dc   0x00000040   Code   RO            4    .text               startup_stm32f407xx.o
    0x0800031c   0x0800031c   0x0000005e   Code   RO         2272    .text               c_w.l(h1_alloc.o)
    0x0800037a   0x0800037a   0x0000004e   Code   RO         2274    .text               c_w.l(h1_free.o)
    0x080003c8   0x080003c8   0x000000ee   Code   RO         2330    .text               c_w.l(lludivv7m.o)
    0x080004b6   0x080004b6   0x00000002   PAD
    0x080004b8   0x080004b8   0x00000024   Code   RO         2332    .text               c_w.l(vsprintf.o)
    0x080004dc   0x080004dc   0x0000003e   Code   RO         2334    .text               c_w.l(strlen.o)
    0x0800051a   0x0800051a   0x0000008a   Code   RO         2336    .text               c_w.l(rt_memcpy_v6.o)
    0x080005a4   0x080005a4   0x0000004e   Code   RO         2338    .text               c_w.l(rt_memclr_w.o)
    0x080005f2   0x080005f2   0x00000006   Code   RO         2340    .text               c_w.l(heapauxi.o)
    0x080005f8   0x080005f8   0x00000008   Code   RO         2368    .text               c_w.l(rt_heap_descriptor_intlibspace.o)
    0x08000600   0x08000600   0x00000004   Code   RO         2370    .text               c_w.l(hguard.o)
    0x08000604   0x08000604   0x0000008a   Code   RO         2372    .text               c_w.l(init_alloc.o)
    0x0800068e   0x0800068e   0x0000000e   Code   RO         2376    .text               c_w.l(h1_init.o)
    0x0800069c   0x0800069c   0x0000004e   Code   RO         2392    .text               c_w.l(_printf_pad.o)
    0x080006ea   0x080006ea   0x00000024   Code   RO         2394    .text               c_w.l(_printf_truncate.o)
    0x0800070e   0x0800070e   0x00000052   Code   RO         2396    .text               c_w.l(_printf_str.o)
    0x08000760   0x08000760   0x00000078   Code   RO         2398    .text               c_w.l(_printf_dec.o)
    0x080007d8   0x080007d8   0x00000028   Code   RO         2400    .text               c_w.l(_printf_charcount.o)
    0x08000800   0x08000800   0x00000030   Code   RO         2402    .text               c_w.l(_printf_char_common.o)
    0x08000830   0x08000830   0x0000000a   Code   RO         2404    .text               c_w.l(_sputc.o)
    0x0800083a   0x0800083a   0x00000002   PAD
    0x0800083c   0x0800083c   0x000000bc   Code   RO         2406    .text               c_w.l(_printf_wctomb.o)
    0x080008f8   0x080008f8   0x0000007c   Code   RO         2409    .text               c_w.l(_printf_longlong_dec.o)
    0x08000974   0x08000974   0x00000070   Code   RO         2415    .text               c_w.l(_printf_oct_int_ll.o)
    0x080009e4   0x080009e4   0x00000094   Code   RO         2435    .text               c_w.l(_printf_hex_int_ll_ptr.o)
    0x08000a78   0x08000a78   0x00000188   Code   RO         2455    .text               c_w.l(__printf_flags_ss_wp.o)
    0x08000c00   0x08000c00   0x00000064   Code   RO         2481    .text               c_w.l(rt_memcpy_w.o)
    0x08000c64   0x08000c64   0x00000008   Code   RO         2549    .text               c_w.l(libspace.o)
    0x08000c6c   0x08000c6c   0x00000034   Code   RO         2573    .text               c_w.l(h1_extend.o)
    0x08000ca0   0x08000ca0   0x0000008a   Code   RO         2577    .text               c_w.l(lludiv10.o)
    0x08000d2a   0x08000d2a   0x000000b2   Code   RO         2579    .text               c_w.l(_printf_intcommon.o)
    0x08000ddc   0x08000ddc   0x0000041e   Code   RO         2581    .text               c_w.l(_printf_fp_dec.o)
    0x080011fa   0x080011fa   0x00000002   PAD
    0x080011fc   0x080011fc   0x000002fc   Code   RO         2583    .text               c_w.l(_printf_fp_hex.o)
    0x080014f8   0x080014f8   0x0000002c   Code   RO         2588    .text               c_w.l(_printf_char.o)
    0x08001524   0x08001524   0x0000002c   Code   RO         2590    .text               c_w.l(_printf_wchar.o)
    0x08001550   0x08001550   0x00000040   Code   RO         2593    .text               c_w.l(_wcrtomb.o)
    0x08001590   0x08001590   0x0000000e   Code   RO         2595    .text               c_w.l(defsig_rtmem_outer.o)
    0x0800159e   0x0800159e   0x00000002   Code   RO         2606    .text               c_w.l(use_no_semi.o)
    0x080015a0   0x080015a0   0x00000000   Code   RO         2608    .text               c_w.l(indicate_semi.o)
    0x080015a0   0x080015a0   0x0000004a   Code   RO         2609    .text               c_w.l(sys_stackheap_outer.o)
    0x080015ea   0x080015ea   0x00000002   PAD
    0x080015ec   0x080015ec   0x00000010   Code   RO         2611    .text               c_w.l(rt_ctype_table.o)
    0x080015fc   0x080015fc   0x00000008   Code   RO         2618    .text               c_w.l(rt_locale_intlibspace.o)
    0x08001604   0x08001604   0x00000080   Code   RO         2622    .text               c_w.l(_printf_fp_infnan.o)
    0x08001684   0x08001684   0x000000e4   Code   RO         2624    .text               c_w.l(bigflt0.o)
    0x08001768   0x08001768   0x00000012   Code   RO         2652    .text               c_w.l(exit.o)
    0x0800177a   0x0800177a   0x0000000a   Code   RO         2654    .text               c_w.l(defsig_exit.o)
    0x08001784   0x08001784   0x00000050   Code   RO         2660    .text               c_w.l(defsig_rtmem_inner.o)
    0x080017d4   0x080017d4   0x0000000c   Code   RO         2676    .text               c_w.l(sys_exit.o)
    0x080017e0   0x080017e0   0x00000032   Code   RO         2689    .text               c_w.l(defsig_general.o)
    0x08001812   0x08001812   0x00000002   PAD
    0x08001814   0x08001814   0x00000080   Code   RO         2693    .text               c_w.l(strcmpv7m.o)
    0x08001894   0x08001894   0x0000000e   Code   RO         2711    .text               c_w.l(sys_wrch.o)
    0x080018a2   0x080018a2   0x0000003e   Code   RO         2627    CL$$btod_d2e        c_w.l(btod.o)
    0x080018e0   0x080018e0   0x00000046   Code   RO         2629    CL$$btod_d2e_denorm_low  c_w.l(btod.o)
    0x08001926   0x08001926   0x00000060   Code   RO         2628    CL$$btod_d2e_norm_op1  c_w.l(btod.o)
    0x08001986   0x08001986   0x00000338   Code   RO         2637    CL$$btod_div_common  c_w.l(btod.o)
    0x08001cbe   0x08001cbe   0x000000dc   Code   RO         2634    CL$$btod_e2e        c_w.l(btod.o)
    0x08001d9a   0x08001d9a   0x0000002a   Code   RO         2631    CL$$btod_ediv       c_w.l(btod.o)
    0x08001dc4   0x08001dc4   0x0000002a   Code   RO         2630    CL$$btod_emul       c_w.l(btod.o)
    0x08001dee   0x08001dee   0x00000244   Code   RO         2636    CL$$btod_mult_common  c_w.l(btod.o)
    0x08002032   0x08002032   0x00000002   Code   RO          247    i.BusFault_Handler  stm32f4xx_it.o
    0x08002034   0x08002034   0x0000000c   Code   RO          248    i.DMA1_Stream5_IRQHandler  stm32f4xx_it.o
    0x08002040   0x08002040   0x00000028   Code   RO         1165    i.DMA_CalcBaseAndBitshift  stm32f4xx_hal_dma.o
    0x08002068   0x08002068   0x00000054   Code   RO         1166    i.DMA_CheckFifoParam  stm32f4xx_hal_dma.o
    0x080020bc   0x080020bc   0x00000002   Code   RO          249    i.DebugMon_Handler  stm32f4xx_it.o
    0x080020be   0x080020be   0x00000006   Code   RO          250    i.EXTI0_IRQHandler  stm32f4xx_it.o
    0x080020c4   0x080020c4   0x00000004   Code   RO          167    i.Error_Handler     main.o
    0x080020c8   0x080020c8   0x000001a0   Code   RO         1173    i.HAL_DMA_IRQHandler  stm32f4xx_hal_dma.o
    0x08002268   0x08002268   0x000000d4   Code   RO         1174    i.HAL_DMA_Init      stm32f4xx_hal_dma.o
    0x0800233c   0x0800233c   0x00000024   Code   RO         1587    i.HAL_Delay         stm32f4xx_hal.o
    0x08002360   0x08002360   0x0000000c   Code   RO          168    i.HAL_GPIO_EXTI_Callback  main.o
    0x0800236c   0x0800236c   0x00000018   Code   RO         1060    i.HAL_GPIO_EXTI_IRQHandler  stm32f4xx_hal_gpio.o
    0x08002384   0x08002384   0x000001f0   Code   RO         1061    i.HAL_GPIO_Init     stm32f4xx_hal_gpio.o
    0x08002574   0x08002574   0x0000000a   Code   RO         1065    i.HAL_GPIO_WritePin  stm32f4xx_hal_gpio.o
    0x0800257e   0x0800257e   0x00000002   PAD
    0x08002580   0x08002580   0x0000000c   Code   RO         1593    i.HAL_GetTick       stm32f4xx_hal.o
    0x0800258c   0x0800258c   0x00000010   Code   RO         1599    i.HAL_IncTick       stm32f4xx_hal.o
    0x0800259c   0x0800259c   0x00000034   Code   RO         1600    i.HAL_Init          stm32f4xx_hal.o
    0x080025d0   0x080025d0   0x00000040   Code   RO         1601    i.HAL_InitTick      stm32f4xx_hal.o
    0x08002610   0x08002610   0x00000030   Code   RO          335    i.HAL_MspInit       stm32f4xx_hal_msp.o
    0x08002640   0x08002640   0x0000001a   Code   RO         1450    i.HAL_NVIC_EnableIRQ  stm32f4xx_hal_cortex.o
    0x0800265a   0x0800265a   0x00000002   PAD
    0x0800265c   0x0800265c   0x00000040   Code   RO         1456    i.HAL_NVIC_SetPriority  stm32f4xx_hal_cortex.o
    0x0800269c   0x0800269c   0x00000024   Code   RO         1457    i.HAL_NVIC_SetPriorityGrouping  stm32f4xx_hal_cortex.o
    0x080026c0   0x080026c0   0x00000134   Code   RO          707    i.HAL_RCC_ClockConfig  stm32f4xx_hal_rcc.o
    0x080027f4   0x080027f4   0x00000020   Code   RO          714    i.HAL_RCC_GetPCLK1Freq  stm32f4xx_hal_rcc.o
    0x08002814   0x08002814   0x00000020   Code   RO          715    i.HAL_RCC_GetPCLK2Freq  stm32f4xx_hal_rcc.o
    0x08002834   0x08002834   0x00000060   Code   RO          716    i.HAL_RCC_GetSysClockFreq  stm32f4xx_hal_rcc.o
    0x08002894   0x08002894   0x0000036c   Code   RO          719    i.HAL_RCC_OscConfig  stm32f4xx_hal_rcc.o
    0x08002c00   0x08002c00   0x000000bc   Code   RO          395    i.HAL_SPI_Init      stm32f4xx_hal_spi.o
    0x08002cbc   0x08002cbc   0x0000006c   Code   RO          337    i.HAL_SPI_MspInit   stm32f4xx_hal_msp.o
    0x08002d28   0x08002d28   0x0000015a   Code   RO          398    i.HAL_SPI_Receive   stm32f4xx_hal_spi.o
    0x08002e82   0x08002e82   0x00000166   Code   RO          403    i.HAL_SPI_Transmit  stm32f4xx_hal_spi.o
    0x08002fe8   0x08002fe8   0x000001e2   Code   RO          404    i.HAL_SPI_TransmitReceive  stm32f4xx_hal_spi.o
    0x080031ca   0x080031ca   0x00000028   Code   RO         1461    i.HAL_SYSTICK_Config  stm32f4xx_hal_cortex.o
    0x080031f2   0x080031f2   0x00000062   Code   RO         1903    i.HAL_UART_Init     stm32f4xx_hal_uart.o
    0x08003254   0x08003254   0x000000e4   Code   RO          339    i.HAL_UART_MspInit  stm32f4xx_hal_msp.o
    0x08003338   0x08003338   0x000000b2   Code   RO         1911    i.HAL_UART_Transmit  stm32f4xx_hal_uart.o
    0x080033ea   0x080033ea   0x00000002   Code   RO          251    i.HardFault_Handler  stm32f4xx_it.o
    0x080033ec   0x080033ec   0x0000004c   Code   RO           13    i.IMU_Calibration   imu_gy953.o
    0x08003438   0x08003438   0x00000050   Code   RO           14    i.IMU_ContinuousReadData  imu_gy953.o
    0x08003488   0x08003488   0x0000000c   Code   RO           15    i.IMU_Init_Handle   imu_gy953.o
    0x08003494   0x08003494   0x00000080   Code   RO           16    i.IMU_Init_SET      imu_gy953.o
    0x08003514   0x08003514   0x0000000c   Code   RO           17    i.IMU_ResetFlag     imu_gy953.o
    0x08003520   0x08003520   0x00000164   Code   RO           18    i.IMU_handleData    imu_gy953.o
    0x08003684   0x08003684   0x000000d8   Code   RO          169    i.MX_GPIO_Init      main.o
    0x0800375c   0x0800375c   0x00000044   Code   RO          170    i.MX_SPI3_Init      main.o
    0x080037a0   0x080037a0   0x00000002   Code   RO          252    i.MemManage_Handler  stm32f4xx_it.o
    0x080037a2   0x080037a2   0x00000002   Code   RO          253    i.NMI_Handler       stm32f4xx_it.o
    0x080037a4   0x080037a4   0x00000002   Code   RO          254    i.PendSV_Handler    stm32f4xx_it.o
    0x080037a6   0x080037a6   0x0000005c   Code   RO          432    i.SPI_EndRxTransaction  stm32f4xx_hal_spi.o
    0x08003802   0x08003802   0x00000002   PAD
    0x08003804   0x08003804   0x00000058   Code   RO          433    i.SPI_EndRxTxTransaction  stm32f4xx_hal_spi.o
    0x0800385c   0x0800385c   0x000000b8   Code   RO          438    i.SPI_WaitFlagStateUntilTimeout  stm32f4xx_hal_spi.o
    0x08003914   0x08003914   0x00000002   Code   RO          255    i.SVC_Handler       stm32f4xx_it.o
    0x08003916   0x08003916   0x00000004   Code   RO          256    i.SysTick_Handler   stm32f4xx_it.o
    0x0800391a   0x0800391a   0x00000002   PAD
    0x0800391c   0x0800391c   0x00000094   Code   RO          171    i.SystemClock_Config  main.o
    0x080039b0   0x080039b0   0x00000010   Code   RO         2232    i.SystemInit        system_stm32f4xx.o
    0x080039c0   0x080039c0   0x0000010c   Code   RO         1929    i.UART_SetConfig    stm32f4xx_hal_uart.o
    0x08003acc   0x08003acc   0x00000078   Code   RO         1932    i.UART_WaitOnFlagUntilTimeout  stm32f4xx_hal_uart.o
    0x08003b44   0x08003b44   0x00000002   Code   RO          257    i.UsageFault_Handler  stm32f4xx_it.o
    0x08003b46   0x08003b46   0x00000030   Code   RO         2674    i.__ARM_fpclassify  m_wm.l(fpclassify.o)
    0x08003b76   0x08003b76   0x00000020   Code   RO         1463    i.__NVIC_SetPriority  stm32f4xx_hal_cortex.o
    0x08003b96   0x08003b96   0x0000000e   Code   RO         2448    i._is_digit         c_w.l(__printf_wp.o)
    0x08003ba4   0x08003ba4   0x00000104   Code   RO          172    i.main              main.o
    0x08003ca8   0x08003ca8   0x00000038   Code   RO          173    i.printData         main.o
    0x08003ce0   0x08003ce0   0x0000002c   Code   RO         2650    locale$$code        c_w.l(lc_numeric_c.o)
    0x08003d0c   0x08003d0c   0x0000002c   Code   RO         2685    locale$$code        c_w.l(lc_ctype_c.o)
    0x08003d38   0x08003d38   0x00000062   Code   RO         2344    x$fpl$d2f           fz_wm.l(d2f.o)
    0x08003d9a   0x08003d9a   0x00000002   PAD
    0x08003d9c   0x08003d9c   0x000002b0   Code   RO         2347    x$fpl$ddiv          fz_wm.l(ddiv.o)
    0x0800404c   0x0800404c   0x0000002e   Code   RO         2351    x$fpl$dflt          fz_wm.l(dflt_clz.o)
    0x0800407a   0x0800407a   0x0000009c   Code   RO         2530    x$fpl$dnaninf       fz_wm.l(dnaninf.o)
    0x08004116   0x08004116   0x0000000c   Code   RO         2532    x$fpl$dretinf       fz_wm.l(dretinf.o)
    0x08004122   0x08004122   0x00000002   PAD
    0x08004124   0x08004124   0x00000056   Code   RO         2356    x$fpl$f2d           fz_wm.l(f2d.o)
    0x0800417a   0x0800417a   0x0000008c   Code   RO         2534    x$fpl$fnaninf       fz_wm.l(fnaninf.o)
    0x08004206   0x08004206   0x0000000a   Code   RO         2604    x$fpl$fpinit        fz_wm.l(fpinit.o)
    0x08004210   0x08004210   0x0000000a   Code   RO         2536    x$fpl$fretinf       fz_wm.l(fretinf.o)
    0x0800421a   0x0800421a   0x00000004   Code   RO         2538    x$fpl$printf1       fz_wm.l(printf1.o)
    0x0800421e   0x0800421e   0x00000004   Code   RO         2540    x$fpl$printf2       fz_wm.l(printf2.o)
    0x08004222   0x08004222   0x00000000   Code   RO         2546    x$fpl$usenofp       fz_wm.l(usenofp.o)
    0x08004222   0x08004222   0x00000008   Data   RO         1180    .constdata          stm32f4xx_hal_dma.o
    0x0800422a   0x0800422a   0x00000010   Data   RO         2233    .constdata          system_stm32f4xx.o
    0x0800423a   0x0800423a   0x00000008   Data   RO         2234    .constdata          system_stm32f4xx.o
    0x08004242   0x08004242   0x00000002   PAD
    0x08004244   0x08004244   0x00000008   Data   RO         2407    .constdata          c_w.l(_printf_wctomb.o)
    0x0800424c   0x0800424c   0x00000028   Data   RO         2436    .constdata          c_w.l(_printf_hex_int_ll_ptr.o)
    0x08004274   0x08004274   0x00000011   Data   RO         2456    .constdata          c_w.l(__printf_flags_ss_wp.o)
    0x08004285   0x08004285   0x00000026   Data   RO         2584    .constdata          c_w.l(_printf_fp_hex.o)
    0x080042ab   0x080042ab   0x00000001   PAD
    0x080042ac   0x080042ac   0x00000094   Data   RO         2625    .constdata          c_w.l(bigflt0.o)
    0x08004340   0x08004340   0x00000020   Data   RO         2739    Region$$Table       anon$$obj.o
    0x08004360   0x08004360   0x0000001c   Data   RO         2649    locale$$data        c_w.l(lc_numeric_c.o)
    0x0800437c   0x0800437c   0x00000110   Data   RO         2684    locale$$data        c_w.l(lc_ctype_c.o)


    Execution Region RW_IRAM1 (Exec base: 0x20000000, Load base: 0x0800448c, Size: 0x00000840, Max: 0x0001c000, ABSOLUTE)

    Exec Addr    Load Addr    Size         Type   Attr      Idx    E Section Name        Object

    0x20000000   0x0800448c   0x00000004   Data   RW           19    .data               imu_gy953.o
    0x20000004   0x08004490   0x0000008c   Data   RW          179    .data               main.o
    0x20000090   0x0800451c   0x0000000c   Data   RW         1607    .data               stm32f4xx_hal.o
    0x2000009c   0x08004528   0x00000004   Data   RW         2235    .data               system_stm32f4xx.o
    0x200000a0        -       0x000000e0   Zero   RW          174    .bss                main.o
    0x20000180        -       0x00000060   Zero   RW          175    .bss                main.o
    0x200001e0        -       0x00000060   Zero   RW         2550    .bss                c_w.l(libspace.o)
    0x20000240        -       0x00000200   Zero   RW            2    HEAP                startup_stm32f407xx.o
    0x20000440        -       0x00000400   Zero   RW            1    STACK               startup_stm32f407xx.o


    Execution Region RW_IRAM2 (Exec base: 0x2001c000, Load base: 0x0800452c, Size: 0x00000000, Max: 0x00004000, ABSOLUTE)

    **** No section assigned to this execution region ****


==============================================================================

Image component sizes


      Code (inc. data)   RO Data    RW Data    ZI Data      Debug   Object Name

       664         44          0          4          0     668968   imu_gy953.o
       764         82          0        140        320       5741   main.o
        64         26        392          0       1536        844   startup_stm32f407xx.o
       180         28          0         12          0       9409   stm32f4xx_hal.o
       198         14          0          0          0      33947   stm32f4xx_hal_cortex.o
       752         16          8          0          0       4068   stm32f4xx_hal_dma.o
       530         52          0          0          0       2819   stm32f4xx_hal_gpio.o
       384         50          0          0          0       2528   stm32f4xx_hal_msp.o
      1344         72          0          0          0       5240   stm32f4xx_hal_rcc.o
      1738         12          0          0          0       8482   stm32f4xx_hal_spi.o
       664         10          0          0          0       4204   stm32f4xx_hal_uart.o
        38          6          0          0          0       5111   stm32f4xx_it.o
        16          4         24          4          0       1127   system_stm32f4xx.o

    ----------------------------------------------------------------------
      7344        416        458        160       1856     752488   Object Totals
         0          0         32          0          0          0   (incl. Generated)
         8          0          2          0          0          0   (incl. Padding)

    ----------------------------------------------------------------------

      Code (inc. data)   RO Data    RW Data    ZI Data      Debug   Library Member Name

         8          0          0          0          0         68   __main.o
       392          4         17          0          0         92   __printf_flags_ss_wp.o
        14          0          0          0          0         68   __printf_wp.o
         0          0          0          0          0          0   __rtentry.o
        12          0          0          0          0          0   __rtentry2.o
         6          0          0          0          0          0   __rtentry4.o
        52          8          0          0          0          0   __scatter.o
        26          0          0          0          0          0   __scatter_copy.o
        28          0          0          0          0          0   __scatter_zi.o
         6          0          0          0          0          0   _printf_a.o
         6          0          0          0          0          0   _printf_c.o
        44          0          0          0          0        108   _printf_char.o
        48          6          0          0          0         96   _printf_char_common.o
        40          0          0          0          0         68   _printf_charcount.o
         6          0          0          0          0          0   _printf_d.o
       120         16          0          0          0         92   _printf_dec.o
         6          0          0          0          0          0   _printf_e.o
         6          0          0          0          0          0   _printf_f.o
      1054          0          0          0          0        216   _printf_fp_dec.o
       764          8         38          0          0        100   _printf_fp_hex.o
       128         16          0          0          0         84   _printf_fp_infnan.o
         6          0          0          0          0          0   _printf_g.o
       148          4         40          0          0        160   _printf_hex_int_ll_ptr.o
         6          0          0          0          0          0   _printf_i.o
       178          0          0          0          0         88   _printf_intcommon.o
        10          0          0          0          0          0   _printf_l.o
         6          0          0          0          0          0   _printf_lc.o
        10          0          0          0          0          0   _printf_ll.o
         6          0          0          0          0          0   _printf_lld.o
         6          0          0          0          0          0   _printf_lli.o
         6          0          0          0          0          0   _printf_llo.o
         6          0          0          0          0          0   _printf_llu.o
         6          0          0          0          0          0   _printf_llx.o
       124         16          0          0          0         92   _printf_longlong_dec.o
         6          0          0          0          0          0   _printf_ls.o
         6          0          0          0          0          0   _printf_n.o
         6          0          0          0          0          0   _printf_o.o
       112         10          0          0          0        124   _printf_oct_int_ll.o
         6          0          0          0          0          0   _printf_p.o
        78          0          0          0          0        108   _printf_pad.o
         0          0          0          0          0          0   _printf_percent.o
         4          0          0          0          0          0   _printf_percent_end.o
         6          0          0          0          0          0   _printf_s.o
        82          0          0          0          0         80   _printf_str.o
        36          0          0          0          0         84   _printf_truncate.o
         6          0          0          0          0          0   _printf_u.o
        44          0          0          0          0        108   _printf_wchar.o
       188          6          8          0          0         92   _printf_wctomb.o
         6          0          0          0          0          0   _printf_x.o
        10          0          0          0          0         68   _sputc.o
        64          0          0          0          0         92   _wcrtomb.o
       228          4        148          0          0         96   bigflt0.o
      1936        128          0          0          0        672   btod.o
        10          0          0          0          0         68   defsig_exit.o
        50          0          0          0          0         88   defsig_general.o
        80         58          0          0          0         76   defsig_rtmem_inner.o
        14          0          0          0          0         80   defsig_rtmem_outer.o
        18          0          0          0          0         80   exit.o
        94          0          0          0          0         80   h1_alloc.o
        52          0          0          0          0         68   h1_extend.o
        78          0          0          0          0         80   h1_free.o
        14          0          0          0          0         84   h1_init.o
         6          0          0          0          0        152   heapauxi.o
         4          0          0          0          0        136   hguard.o
         0          0          0          0          0          0   indicate_semi.o
       138          0          0          0          0        168   init_alloc.o
        44         10        272          0          0         76   lc_ctype_c.o
        44         10         28          0          0         76   lc_numeric_c.o
         2          0          0          0          0          0   libinit.o
        42          0          0          0          0          0   libinit2.o
         2          0          0          0          0          0   libshutdown.o
         2          0          0          0          0          0   libshutdown2.o
         8          4          0          0         96         68   libspace.o
       138          0          0          0          0         80   lludiv10.o
       238          0          0          0          0        100   lludivv7m.o
         0          0          0          0          0          0   maybetermalloc1.o
        16          4          0          0          0         76   rt_ctype_table.o
         8          4          0          0          0         68   rt_heap_descriptor_intlibspace.o
         8          4          0          0          0         68   rt_locale_intlibspace.o
        78          0          0          0          0         80   rt_memclr_w.o
       138          0          0          0          0         68   rt_memcpy_v6.o
       100          0          0          0          0         80   rt_memcpy_w.o
         2          0          0          0          0          0   rtexit.o
        10          0          0          0          0          0   rtexit2.o
       128          0          0          0          0         68   strcmpv7m.o
        62          0          0          0          0         76   strlen.o
        12          4          0          0          0         68   sys_exit.o
        74          0          0          0          0         80   sys_stackheap_outer.o
        14          0          0          0          0         76   sys_wrch.o
         2          0          0          0          0         68   use_no_semi.o
        36          4          0          0          0         76   vsprintf.o
        98          4          0          0          0        140   d2f.o
       688        140          0          0          0        256   ddiv.o
        46          0          0          0          0        116   dflt_clz.o
       156          4          0          0          0        140   dnaninf.o
        12          0          0          0          0        116   dretinf.o
        86          4          0          0          0        132   f2d.o
       140          4          0          0          0        132   fnaninf.o
        10          0          0          0          0        116   fpinit.o
        10          0          0          0          0        116   fretinf.o
         4          0          0          0          0        116   printf1.o
         4          0          0          0          0        116   printf2.o
         0          0          0          0          0          0   usenofp.o
        48          0          0          0          0        124   fpclassify.o

    ----------------------------------------------------------------------
      9194        484        552          0         96       6988   Library Totals
        18          0          1          0          0          0   (incl. Padding)

    ----------------------------------------------------------------------

      Code (inc. data)   RO Data    RW Data    ZI Data      Debug   Library Name

      7874        328        551          0         96       5368   c_w.l
      1254        156          0          0          0       1496   fz_wm.l
        48          0          0          0          0        124   m_wm.l

    ----------------------------------------------------------------------
      9194        484        552          0         96       6988   Library Totals

    ----------------------------------------------------------------------

==============================================================================


      Code (inc. data)   RO Data    RW Data    ZI Data      Debug   

     16538        900       1010        160       1952     749960   Grand Totals
     16538        900       1010        160       1952     749960   ELF Image Totals
     16538        900       1010        160          0          0   ROM Totals

==============================================================================

    Total RO  Size (Code + RO Data)                17548 (  17.14kB)
    Total RW  Size (RW Data + ZI Data)              2112 (   2.06kB)
    Total ROM Size (Code + RO Data + RW Data)      17708 (  17.29kB)

==============================================================================

