<html>
<body>
<pre>
<h1>µVision Build Log</h1>
<h2>Tool Versions:</h2>
IDE-Version: £gVision V5.24.2.0
Copyright (C) 2017 ARM Ltd and ARM Germany GmbH. All rights reserved.
License Information: Ye Shu-Ting, Mechatronic Lab, LIC=8VRJ7-EKW4N-8TS3P-M23JY-VQY6N-SR0AA
 
Tool Versions:
Toolchain:       MDK-ARM Plus  Version: 5.24.1
Toolchain Path:  C:\Keil_v5\ARM\ARMCC\Bin
C Compiler:      Armcc.exe V5.06 update 5 (build 528)
Assembler:       Armasm.exe V5.06 update 5 (build 528)
Linker/Locator:  ArmLink.exe V5.06 update 5 (build 528)
Library Manager: ArmAr.exe V5.06 update 5 (build 528)
Hex Converter:   FromElf.exe V5.06 update 5 (build 528)
CPU DLL:         SARMCM3.DLL V5.24.1
Dialog DLL:      DCM.DLL V1.16.0.0
Target DLL:      STLink\ST-LINKIII-KEIL_SWO.dll V3.0.1.0
Dialog DLL:      TCM.DLL V1.32.0.0
 
<h2>Project:</h2>
d:\stm32\Stm32_Pratice\SPI_IMU_GY953\MDK-ARM\SPI_IMU_GY953.uvprojx
Project File Date:  08/20/2023

<h2>Output:</h2>
*** Using Compiler 'V5.06 update 5 (build 528)', folder: 'C:\Keil_v5\ARM\ARMCC\Bin'
Build target 'SPI_IMU_GY953'
assembling startup_stm32f407xx.s...
compiling stm32f4xx_hal_pwr.c...
compiling stm32f4xx_hal_flash_ramfunc.c...
compiling stm32f4xx_hal_rcc_ex.c...
compiling stm32f4xx_hal_flash.c...
compiling stm32f4xx_hal_rcc.c...
compiling stm32f4xx_hal_gpio.c...
compiling stm32f4xx_it.c...
compiling stm32f4xx_hal_dma.c...
compiling stm32f4xx_hal_spi.c...
compiling stm32f4xx_hal_dma_ex.c...
compiling stm32f4xx_hal_msp.c...
compiling stm32f4xx_hal_pwr_ex.c...
compiling IMU_GY953.c...
../Core/Inc/IMU_GY953.h(49): warning:  #1-D: last line of file ends without a newline
  #endif
..\Core\Src\IMU_GY953.c(64): warning:  #223-D: function "memcpy" declared implicitly
  	memcpy(IMUx->data_buf, IMUx->TMP_buf, sizeof(IMUx->TMP_buf)); // ?”±IMU?“·??–ç?„è?‡æ?™è?‡è£½
..\Core\Src\IMU_GY953.c(70): warning:  #1035-D: single-precision operand implicitly converted to double-precision
  	IMUx->ROLL = (float)tmp[0]/100.;
..\Core\Src\IMU_GY953.c(71): warning:  #1035-D: single-precision operand implicitly converted to double-precision
  	IMUx->PITCH = (float)tmp[1]/100.;
..\Core\Src\IMU_GY953.c(72): warning:  #1035-D: single-precision operand implicitly converted to double-precision
  	IMUx->YAW = (float)tmp[2]/100.;
..\Core\Src\IMU_GY953.c(77): warning:  #1035-D: single-precision operand implicitly converted to double-precision
  	IMUx->ACCxyz[0] = (float)tmp[0]/16383.;
..\Core\Src\IMU_GY953.c(78): warning:  #1035-D: single-precision operand implicitly converted to double-precision
  	IMUx->ACCxyz[1] = (float)tmp[1]/16383.;
..\Core\Src\IMU_GY953.c(79): warning:  #1035-D: single-precision operand implicitly converted to double-precision
  	IMUx->ACCxyz[2] = (float)tmp[2]/16383.;
..\Core\Src\IMU_GY953.c(84): warning:  #1035-D: single-precision operand implicitly converted to double-precision
  	IMUx->Gyroxyz[0] = (float)tmp[0]/16.4;
..\Core\Src\IMU_GY953.c(85): warning:  #1035-D: single-precision operand implicitly converted to double-precision
  	IMUx->Gyroxyz[1] = (float)tmp[1]/16.4;
..\Core\Src\IMU_GY953.c(86): warning:  #1035-D: single-precision operand implicitly converted to double-precision
  	IMUx->Gyroxyz[2] = (float)tmp[2]/16.4;
..\Core\Src\IMU_GY953.c(91): warning:  #1035-D: single-precision operand implicitly converted to double-precision
  	IMUx->Magxyz[0] = (float)tmp[0]/6.7;
..\Core\Src\IMU_GY953.c(92): warning:  #1035-D: single-precision operand implicitly converted to double-precision
  	IMUx->Magxyz[1] = (float)tmp[1]/6.7;
..\Core\Src\IMU_GY953.c(93): warning:  #1035-D: single-precision operand implicitly converted to double-precision
  	IMUx->Magxyz[2] = (float)tmp[2]/6.7;
..\Core\Src\IMU_GY953.c: 14 warnings, 0 errors
compiling stm32f4xx_hal_flash_ex.c...
compiling main.c...
../Core/Inc/IMU_GY953.h(49): warning:  #1-D: last line of file ends without a newline
  #endif
../Core/Src/main.c: 1 warning, 0 errors
compiling stm32f4xx_hal.c...
compiling stm32f4xx_hal_tim.c...
compiling stm32f4xx_hal_tim_ex.c...
compiling system_stm32f4xx.c...
compiling stm32f4xx_hal_exti.c...
compiling stm32f4xx_hal_cortex.c...
compiling stm32f4xx_hal_uart.c...
linking...
Program Size: Code=16538 RO-data=1010 RW-data=160 ZI-data=1952  
FromELF: creating hex file...
"SPI_IMU_GY953\SPI_IMU_GY953.axf" - 0 Error(s), 15 Warning(s).

<h2>Software Packages used:</h2>

Package Vendor: ARM
                http://www.keil.com/pack/ARM.CMSIS.5.9.0.pack
                ARM.CMSIS.5.9.0
                CMSIS (Common Microcontroller Software Interface Standard)
   * Component: CORE Version: 5.6.0

Package Vendor: Keil
                http://www.keil.com/pack/Keil.STM32F4xx_DFP.2.16.0.pack
                Keil.STM32F4xx_DFP.2.16.0
                STMicroelectronics STM32F4 Series Device Support, Drivers and Examples

<h2>Collection of Component include folders:</h2>
  .\RTE\_SPI_IMU_GY953
  C:\Keil_v5\ARM\PACK\ARM\CMSIS\5.9.0\CMSIS\Core\Include
  C:\Keil_v5\ARM\PACK\Keil\STM32F4xx_DFP\2.16.0\Drivers\CMSIS\Device\ST\STM32F4xx\Include

<h2>Collection of Component Files used:</h2>

   * Component: ARM::CMSIS:CORE:5.6.0
Build Time Elapsed:  00:00:12
</pre>
</body>
</html>
